3% of  118.02MiB at    6.88MiB/s ETA 00:03
[download]  82.5% of  118.02MiB at    7.41MiB/s ETA 00:02
[download]  82.7% of  118.02MiB at    5.50MiB/s ETA 00:03
[download]  83.1% of  118.02MiB at    5.36MiB/s ETA 00:03
[download]  83.9% of  118.02MiB at    5.68MiB/s ETA 00:03
[download]  85.6% of  118.02MiB at    5.70MiB/s ETA 00:02
[download]  89.0% of  118.02MiB at    4.83MiB/s ETA 00:02
[download]  90.4% of  118.02MiB at    4.91MiB/s ETA 00:02
[download]  90.4% of  118.02MiB at  Unknown B/s ETA Unknown
[download]  90.4% of  118.02MiB at  Unknown B/s ETA Unknown
[download]  90.4% of  118.02MiB at  Unknown B/s ETA Unknown
[download]  90.4% of  118.02MiB at  Unknown B/s ETA Unknown
[download]  90.4% of  118.02MiB at  Unknown B/s ETA Unknown
[download]  90.5% of  118.02MiB at    4.02MiB/s ETA 00:02  
[download]  90.5% of  118.02MiB at    5.40MiB/s ETA 00:02
[download]  90.6% of  118.02MiB at    5.24MiB/s ETA 00:02
[download]  90.8% of  118.02MiB at    6.28MiB/s ETA 00:01
[download]  91.3% of  118.02MiB at    6.11MiB/s ETA 00:01
[download]  92.1% of  118.02MiB at    5.75MiB/s ETA 00:01
[download]  93.8% of  118.02MiB at    5.73MiB/s ETA 00:01
[download]  97.2% of  118.02MiB at    5.53MiB/s ETA 00:00
[download]  98.5% of  118.02MiB at    5.60MiB/s ETA 00:00
[download]  98.5% of  118.02MiB at  333.49KiB/s ETA 00:05
[download]  98.5% of  118.02MiB at 1000.47KiB/s ETA 00:01
[download]  98.5% of  118.02MiB at    1.75MiB/s ETA 00:00
[download]  98.6% of  118.02MiB at    3.75MiB/s ETA 00:00
[download]  98.6% of  118.02MiB at    6.17MiB/s ETA 00:00
[download]  98.6% of  118.02MiB at    5.16MiB/s ETA 00:00
[download]  98.6% of  118.02MiB at    6.08MiB/s ETA 00:00
[download]  98.8% of  118.02MiB at    6.75MiB/s ETA 00:00
[download]  99.0% of  118.02MiB at    5.51MiB/s ETA 00:00
[download]  99.4% of  118.02MiB at    5.76MiB/s ETA 00:00
[download] 100.0% of  118.02MiB at    5.61MiB/s ETA 00:00
[download] 100% of  118.02MiB in 00:00:24 at 4.79MiB/s   
[download] Destination: C:\Users\bianc\NLP Natural Language Processing\labios-argentos\data_release\local_sources\argentina_new_discovery\YYIVFA000BI\YYIVFA000BI.f251.webm

[download]   0.0% of   99.30MiB at   64.21KiB/s ETA 26:23
[download]   0.0% of   99.30MiB at  192.64KiB/s ETA 08:47
[download]   0.0% of   99.30MiB at  424.38KiB/s ETA 03:59
[download]   0.0% of   99.30MiB at  909.39KiB/s ETA 01:51
[download]   0.0% of   99.30MiB at    1.73MiB/s ETA 00:57
[download]   0.1% of   99.30MiB at    3.52MiB/s ETA 00:28
[download]   0.1% of   99.30MiB at    3.74MiB/s ETA 00:26
[download]   0.3% of   99.30MiB at    5.01MiB/s ETA 00:19
[download]   0.5% of   99.30MiB at    4.93MiB/s ETA 00:20
[download]   1.0% of   99.30MiB at    5.00MiB/s ETA 00:19
[download]   2.0% of   99.30MiB at    5.23MiB/s ETA 00:18
[download]   4.0% of   99.30MiB at    5.43MiB/s ETA 00:17
[download]   8.1% of   99.30MiB at    5.47MiB/s ETA 00:16
[download]   9.9% of   99.30MiB at    5.47MiB/s ETA 00:16
[download]   9.9% of   99.30MiB at  Unknown B/s ETA Unknown
[download]   9.9% of   99.30MiB at  201.94KiB/s ETA 07:33  
[download]   9.9% of   99.30MiB at  436.78KiB/s ETA 03:29
[download]   9.9% of   99.30MiB at  881.56KiB/s ETA 01:43
[download]   9.9% of   99.30MiB at    1.78MiB/s ETA 00:50
[download]   9.9% of   99.30MiB at    3.26MiB/s ETA 00:27
[download]  10.0% of   99.30MiB at    3.91MiB/s ETA 00:22
[download]  10.1% of   99.30MiB at    4.94MiB/s ETA 00:18
[download]  10.4% of   99.30MiB at    5.04MiB/s ETA 00:17
[download]  10.9% of   99.30MiB at    5.31MiB/s ETA 00:16
[download]  11.9% of   99.30MiB at    5.70MiB/s ETA 00:15
[download]  13.9% of   99.30MiB at    5.55MiB/s ETA 00:15
[download]  17.9% of   99.30MiB at    5.70MiB/s ETA 00:14
[download]  19.9% of   99.30MiB at    5.71MiB/s ETA 00:13
[download]  19.9% of   99.30MiB at  Unknown B/s ETA Unknown
[download]  19.9% of   99.30MiB at  Unknown B/s ETA Unknown
[download]  19.9% of   99.30MiB at  Unknown B/s ETA Unknown
[download]  19.9% of   99.30MiB at  Unknown B/s ETA Unknown
[download]  19.9% of   99.30MiB at  Unknown B/s ETA Unknown
[download]  19.9% of   99.30MiB at    3.72MiB/s ETA 00:21  
[download]  20.0% of   99.30MiB at    3.85MiB/s ETA 00:20
[download]  20.1% of   99.30MiB at    4.98MiB/s ETA 00:15
[download]  20.4% of   99.30MiB at    5.81MiB/s ETA 00:13
[download]  20.9% of   99.30MiB at    5.93MiB/s ETA 00:13
[download]  21.9% of   99.30MiB at    5.55MiB/s ETA 00:13
[download]  23.9% of   99.30MiB at    5.57MiB/s ETA 00:13
[download]  27.9% of   99.30MiB at    5.53MiB/s ETA 00:12
[download]  29.6% of   99.30MiB at    5.40MiB/s ETA 00:12
[download]  29.6% of   99.30MiB at  Unknown B/s ETA Unknown
[download]  29.6% of   99.30MiB at  Unknown B/s ETA Unknown
[download]  29.6% of   99.30MiB at  Unknown B/s ETA Unknown
[download]  29.6% of   99.30MiB at  Unknown B/s ETA Unknown
[download]  29.6% of   99.30MiB at  Unknown B/s ETA Unknown
[download]  29.6% of   99.30MiB at  Unknown B/s ETA Unknown
[download]  29.7% of   99.30MiB at    7.18MiB/s ETA 00:09  
[download]  29.8% of   99.30MiB at    5.17MiB/s ETA 00:13
[download]  30.1% of   99.30MiB at    5.68MiB/s ETA 00:12
[download]  30.6% of   99.30MiB at    6.01MiB/s ETA 00:11
[download]  31.6% of   99.30MiB at    5.22MiB/s ETA 00:13
[download]  33.6% of   99.30MiB at    5.20MiB/s ETA 00:12
[download]  37.6% of   99.30MiB at    5.04MiB/s ETA 00:12
[download]  39.3% of   99.30MiB at    5.08MiB/s ETA 00:11
[download]  39.3% of   99.30MiB at  Unknown B/s ETA Unknown
[download]  39.3% of   99.30MiB at  Unknown B/s ETA Unknown
[download]  39.3% of   99.30MiB at  558.87KiB/s ETA 01:50  
[download]  39.3% of   99.30MiB at    1.01MiB/s ETA 00:59
[download]  39.3% of   99.30MiB at    2.08MiB/s ETA 00:30
[download]  39.3% of   99.30MiB at    3.43MiB/s ETA 00:17
[download]  39.4% of   99.30MiB at    3.32MiB/s ETA 00:18
[download]  39.5% of   99.30MiB at    4.91MiB/s ETA 00:12
[download]  39.8% of   99.30MiB at    4.43MiB/s ETA 00:13
[download]  40.3% of   99.30MiB at    5.48MiB/s ETA 00:10
[download]  41.3% of   99.30MiB at    5.23MiB/s ETA 00:11
[download]  43.3% of   99.30MiB at    5.23MiB/s ETA 00:10
[download]  47.3% of   99.30MiB at    5.40MiB/s ETA 00:09
[download]  48.9% of   99.30MiB at    5.50MiB/s ETA 00:09
[download]  48.9% of   99.30MiB at  Unknown B/s ETA Unknown
[download]  48.9% of   99.30MiB at  203.68KiB/s ETA 04:15  
[download]  48.9% of   99.30MiB at  444.18KiB/s ETA 01:57
[download]  48.9% of   99.30MiB at  894.03KiB/s ETA 00:58
[download]  48.9% of   99.30MiB at    1.80MiB/s ETA 00:28
[download]  48.9% of   99.30MiB at    3.67MiB/s ETA 00:13
[download]  49.0% of   99.30MiB at    3.91MiB/s ETA 00:12
[download]  49.1% of   99.30MiB at    4.96MiB/s ETA 00:10
[download]  49.4% of   99.30MiB at    6.02MiB/s ETA 00:08
[download]  49.9% of   99.30MiB at    4.85MiB/s ETA 00:10
[download]  50.9% of   99.30MiB at    5.20MiB/s ETA 00:09
[download]  52.9% of   99.30MiB at    5.25MiB/s ETA 00:08
[download]  56.9% of   99.30MiB at    4.84MiB/s ETA 00:08
[download]  58.5% of   99.30MiB at    4.92MiB/s ETA 00:08
[download]  58.5% of   99.30MiB at  600.90KiB/s ETA 01:10
[download]  58.5% of   99.30MiB at    1.76MiB/s ETA 00:23
[download]  58.5% of   99.30MiB at    4.11MiB/s ETA 00:10
[download]  58.5% of   99.30MiB at    8.80MiB/s ETA 00:04
[download]  58.6% of   99.30MiB at   18.19MiB/s ETA 00:02
[download]  58.6% of   99.30MiB at   36.97MiB/s ETA 00:01
[download]  58.7% of   99.30MiB at    7.36MiB/s ETA 00:05
[download]  58.8% of   99.30MiB at    7.28MiB/s ETA 00:05
[download]  59.0% of   99.30MiB at    6.24MiB/s ETA 00:06
[download]  59.5% of   99.30MiB at    5.54MiB/s ETA 00:07
[download]  60.5% of   99.30MiB at    5.01MiB/s ETA 00:07
[download]  62.6% of   99.30MiB at    5.11MiB/s ETA 00:07
[download]  66.6% of   99.30MiB at    5.22MiB/s ETA 00:06
[download]  68.5% of   99.30MiB at    5.31MiB/s ETA 00:05
[download]  68.5% of   99.30MiB at  Unknown B/s ETA Unknown
[download]  68.5% of   99.30MiB at  Unknown B/s ETA Unknown
[download]  68.5% of   99.30MiB at  Unknown B/s ETA Unknown
[download]  68.5% of   99.30MiB at  Unknown B/s ETA Unknown
[download]  68.5% of   99.30MiB at  Unknown B/s ETA Unknown
[download]  68.6% of   99.30MiB at    3.32MiB/s ETA 00:09  
[download]  68.6% of   99.30MiB at    6.69MiB/s ETA 00:04
[download]  68.8% of   99.30MiB at    7.25MiB/s ETA 00:04
[download]  69.0% of   99.30MiB at    4.85MiB/s ETA 00:06
[download]  69.5% of   99.30MiB at    4.99MiB/s ETA 00:06
[download]  70.5% of   99.30MiB at    4.99MiB/s ETA 00:05
[download]  72.5% of   99.30MiB at    5.12MiB/s ETA 00:05
[download]  76.6% of   99.30MiB at    5.27MiB/s ETA 00:04
[download]  78.2% of   99.30MiB at    5.37MiB/s ETA 00:04
[download]  78.2% of   99.30MiB at  Unknown B/s ETA Unknown
[download]  78.2% of   99.30MiB at  Unknown B/s ETA Unknown
[download]  78.2% of   99.30MiB at    1.04MiB/s ETA 00:20  
[download]  78.2% of   99.30MiB at    1.91MiB/s ETA 00:11
[download]  78.2% of   99.30MiB at    3.53MiB/s ETA 00:06
[download]  78.2% of   99.30MiB at    6.56MiB/s ETA 00:03
[download]  78.3% of   99.30MiB at    5.21MiB/s ETA 00:04
[download]  78.4% of   99.30MiB at    5.84MiB/s ETA 00:03
[download]  78.7% of   99.30MiB at    5.56MiB/s ETA 00:03
[download]  79.2% of   99.30MiB at    5.34MiB/s ETA 00:03
[download]  80.2% of   99.30MiB at    5.08MiB/s ETA 00:03
[download]  82.2% of   99.30MiB at    4.33MiB/s ETA 00:04
[download]  86.0% of   99.30MiB at    4.73MiB/s ETA 00:02
[download]  88.1% of   99.30MiB at    4.87MiB/s ETA 00:02
[download]  88.1% of   99.30MiB at   56.44KiB/s ETA 03:34
[download]  88.1% of   99.30MiB at  169.31KiB/s ETA 01:11
[download]  88.1% of   99.30MiB at  395.05KiB/s ETA 00:30
[download]  88.1% of   99.30MiB at  846.54KiB/s ETA 00:14
[download]  88.1% of   99.30MiB at    1.30MiB/s ETA 00:09
[download]  88.2% of   99.30MiB at    2.64MiB/s ETA 00:04
[download]  88.2% of   99.30MiB at    3.80MiB/s ETA 00:03
[download]  88.4% of   99.30MiB at    5.04MiB/s ETA 00:02
[download]  88.6% of   99.30MiB at    6.01MiB/s ETA 00:01
[download]  89.1% of   99.30MiB at    5.42MiB/s ETA 00:01
[download]  90.1% of   99.30MiB at    5.18MiB/s ETA 00:01
[download]  92.1% of   99.30MiB at    5.21MiB/s ETA 00:01
[download]  96.2% of   99.30MiB at    5.45MiB/s ETA 00:00
[download]  98.0% of   99.30MiB at    5.45MiB/s ETA 00:00
[download]  98.0% of   99.30MiB at  Unknown B/s ETA Unknown
[download]  98.0% of   99.30MiB at  Unknown B/s ETA Unknown
[download]  98.0% of   99.30MiB at  Unknown B/s ETA Unknown
[download]  98.0% of   99.30MiB at  Unknown B/s ETA Unknown
[download]  98.0% of   99.30MiB at  Unknown B/s ETA Unknown
[download]  98.1% of   99.30MiB at    4.01MiB/s ETA 00:00  
[download]  98.1% of   99.30MiB at    7.59MiB/s ETA 00:00
[download]  98.2% of   99.30MiB at    7.58MiB/s ETA 00:00
[download]  98.5% of   99.30MiB at    5.17MiB/s ETA 00:00
[download]  99.0% of   99.30MiB at    5.49MiB/s ETA 00:00
[download] 100.0% of   99.30MiB at    5.43MiB/s ETA 00:00
[download] 100% of   99.30MiB in 00:00:20 at 4.84MiB/s   

WARNING: [youtube] No supported JavaScript runtime could be found. Only deno is enabled by default; to use another runtime add  --js-runtimes RUNTIME[:PATH]  to your command/config. YouTube extraction without a JS runtime has been deprecated, and some formats may be missing. See  https://github.com/yt-dlp/yt-dlp/wiki/EJS  for details on installing one
WARNING: The extractor specified to use impersonation for this download, but no impersonate target is available. If you encounter errors, then see  https://github.com/yt-dlp/yt-dlp#impersonation  for information on installing the required dependencies
WARNING: The extractor specified to use impersonation for this download, but no impersonate target is available. If you encounter errors, then see  https://github.com/yt-dlp/yt-dlp#impersonation  for information on installing the required dependencies
WARNING: You have requested merging of multiple formats but ffmpeg is not installed. The formats won't be merged
