[youtube] Extracting URL: https://www.youtube.com/watch?v=WMk6afYRfKM
[youtube] WMk6afYRfKM: Downloading webpage
[youtube] WMk6afYRfKM: Downloading android vr player API JSON
[info] WMk6afYRfKM: Downloading subtitles: es, es-orig
[info] WMk6afYRfKM: Downloading 1 format(s): 136+251
Deleting existing file C:\Users\bianc\NLP Natural Language Processing\labios-argentos\data_release\local_sources\argentina_new_discovery\WMk6afYRfKM\WMk6afYRfKM.es.vtt
[info] Writing video subtitles to: C:\Users\bianc\NLP Natural Language Processing\labios-argentos\data_release\local_sources\argentina_new_discovery\WMk6afYRfKM\WMk6afYRfKM.es.vtt
[download] Destination: C:\Users\bianc\NLP Natural Language Processing\labios-argentos\data_release\local_sources\argentina_new_discovery\WMk6afYRfKM\WMk6afYRfKM.es.vtt

[download]    1.00KiB at  Unknown B/s (00:00:00)
[download]    3.00KiB at  229.24KiB/s (00:00:00)
[download]    7.00KiB at  487.16KiB/s (00:00:00)
[download]   15.00KiB at  975.77KiB/s (00:00:00)
[download]   31.00KiB at    1.66MiB/s (00:00:00)
[download]   63.00KiB at    2.74MiB/s (00:00:00)
[download]  127.00KiB at    2.91MiB/s (00:00:00)
[download]  255.00KiB at    3.88MiB/s (00:00:00)
[download]  511.00KiB at    5.05MiB/s (00:00:00)
[download]  698.44KiB at    5.09MiB/s (00:00:00)
[download] 100% of  698.44KiB in 00:00:00 at 1.63MiB/s
Deleting existing file C:\Users\bianc\NLP Natural Language Processing\labios-argentos\data_release\local_sources\argentina_new_discovery\WMk6afYRfKM\WMk6afYRfKM.es-orig.vtt
[info] Writing video subtitles to: C:\Users\bianc\NLP Natural Language Processing\labios-argentos\data_release\local_sources\argentina_new_discovery\WMk6afYRfKM\WMk6afYRfKM.es-orig.vtt
[download] Destination: C:\Users\bianc\NLP Natural Language Processing\labios-argentos\data_release\local_sources\argentina_new_discovery\WMk6afYRfKM\WMk6afYRfKM.es-orig.vtt

[download]    1.00KiB at  524.62KiB/s (00:00:00)
[download]    3.00KiB at    1.54MiB/s (00:00:00)
[download]    7.00KiB at    3.59MiB/s (00:00:00)
[download]   15.00KiB at    7.68MiB/s (00:00:00)
[download]   31.00KiB at   15.88MiB/s (00:00:00)
[download]   63.00KiB at   32.28MiB/s (00:00:00)
[download]  127.00KiB at    7.79MiB/s (00:00:00)
[download]  255.00KiB at    5.06MiB/s (00:00:00)
[download]  511.00KiB at    5.01MiB/s (00:00:00)
[download]  698.44KiB at    5.82MiB/s (00:00:00)
[download] 100% of  698.44KiB in 00:00:00 at 2.42MiB/s
[info] Writing video metadata as JSON to: C:\Users\bianc\NLP Natural Language Processing\labios-argentos\data_release\local_sources\argentina_new_discovery\WMk6afYRfKM\WMk6afYRfKM.info.json
[SubtitlesConvertor] Converting subtitles
[SubtitlesConvertor] Subtitle file for vtt is already in the requested format
[SubtitlesConvertor] Subtitle file for vtt is already in the requested format
[download] Resuming download at byte 924196485

WARNING: [youtube] No supported JavaScript runtime could be found. Only deno is enabled by default; to use another runtime add  --js-runtimes RUNTIME[:PATH]  to your command/config. YouTube extraction without a JS runtime has been deprecated, and some formats may be missing. See  https://github.com/yt-dlp/yt-dlp/wiki/EJS  for details on installing one
WARNING: The extractor specified to use impersonation for this download, but no impersonate target is available. If you encounter errors, then see  https://github.com/yt-dlp/yt-dlp#impersonation  for information on installing the required dependencies
WARNING: The extractor specified to use impersonation for this download, but no impersonate target is available. If you encounter errors, then see  https://github.com/yt-dlp/yt-dlp#impersonation  for information on installing the required dependencies
WARNING: You have requested merging of multiple formats but ffmpeg is not installed. The formats won't be merged
ERROR: unable to download video data: HTTP Error 416: Requested range not satisfiable
