[youtube] Extracting URL: https://www.youtube.com/watch?v=OrwtPwftIi4
[youtube] OrwtPwftIi4: Downloading webpage
[youtube] OrwtPwftIi4: Downloading android vr player API JSON
[info] OrwtPwftIi4: Downloading subtitles: es, es-orig
[info] OrwtPwftIi4: Downloading 1 format(s): 397+251
Deleting existing file C:\Users\bianc\NLP Natural Language Processing\labios-argentos\data_release\local_sources\argentina_new_discovery\OrwtPwftIi4\OrwtPwftIi4.es.vtt
[info] Writing video subtitles to: C:\Users\bianc\NLP Natural Language Processing\labios-argentos\data_release\local_sources\argentina_new_discovery\OrwtPwftIi4\OrwtPwftIi4.es.vtt
[download] Destination: C:\Users\bianc\NLP Natural Language Processing\labios-argentos\data_release\local_sources\argentina_new_discovery\OrwtPwftIi4\OrwtPwftIi4.es.vtt

[download]    1.00KiB at  281.78KiB/s (00:00:00)
[download]    3.00KiB at  845.34KiB/s (00:00:00)
[download]    7.00KiB at    1.93MiB/s (00:00:00)
[download]   15.00KiB at    4.13MiB/s (00:00:00)
[download]   31.00KiB at    8.53MiB/s (00:00:00)
[download]   63.00KiB at   17.34MiB/s (00:00:00)
[download]  127.00KiB at    6.57MiB/s (00:00:00)
[download]  255.00KiB at    4.72MiB/s (00:00:00)
[download]  511.00KiB at    5.89MiB/s (00:00:00)
[download]  588.33KiB at    5.59MiB/s (00:00:00)
[download] 100% of  588.33KiB in 00:00:00 at 2.15MiB/s
Deleting existing file C:\Users\bianc\NLP Natural Language Processing\labios-argentos\data_release\local_sources\argentina_new_discovery\OrwtPwftIi4\OrwtPwftIi4.es-orig.vtt
[info] Writing video subtitles to: C:\Users\bianc\NLP Natural Language Processing\labios-argentos\data_release\local_sources\argentina_new_discovery\OrwtPwftIi4\OrwtPwftIi4.es-orig.vtt
[download] Destination: C:\Users\bianc\NLP Natural Language Processing\labios-argentos\data_release\local_sources\argentina_new_discovery\OrwtPwftIi4\OrwtPwftIi4.es-orig.vtt

[download]    1.00KiB at  Unknown B/s (00:00:00)
[download]    3.00KiB at  185.74KiB/s (00:00:00)
[download]    7.00KiB at  385.61KiB/s (00:00:00)
[download]   15.00KiB at  805.85KiB/s (00:00:00)
[download]   31.00KiB at    1.53MiB/s (00:00:00)
[download]   63.00KiB at    2.96MiB/s (00:00:00)
[download]  127.00KiB at    3.61MiB/s (00:00:00)
[download]  255.00KiB at    5.04MiB/s (00:00:00)
[download]  511.00KiB at    4.91MiB/s (00:00:00)
[download]  588.33KiB at    5.65MiB/s (00:00:00)
[download] 100% of  588.33KiB in 00:00:00 at 3.10MiB/s
[info] Writing video metadata as JSON to: C:\Users\bianc\NLP Natural Language Processing\labios-argentos\data_release\local_sources\argentina_new_discovery\OrwtPwftIi4\OrwtPwftIi4.info.json
[SubtitlesConvertor] Converting subtitles
[SubtitlesConvertor] Subtitle file for vtt is already in the requested format
[SubtitlesConvertor] Subtitle file for vtt is already in the requested format
[download] Resuming download at byte 60388871

WARNING: [youtube] No supported JavaScript runtime could be found. Only deno is enabled by default; to use another runtime add  --js-runtimes RUNTIME[:PATH]  to your command/config. YouTube extraction without a JS runtime has been deprecated, and some formats may be missing. See  https://github.com/yt-dlp/yt-dlp/wiki/EJS  for details on installing one
WARNING: The extractor specified to use impersonation for this download, but no impersonate target is available. If you encounter errors, then see  https://github.com/yt-dlp/yt-dlp#impersonation  for information on installing the required dependencies
WARNING: The extractor specified to use impersonation for this download, but no impersonate target is available. If you encounter errors, then see  https://github.com/yt-dlp/yt-dlp#impersonation  for information on installing the required dependencies
WARNING: You have requested merging of multiple formats but ffmpeg is not installed. The formats won't be merged
ERROR: unable to download video data: HTTP Error 416: Requested range not satisfiable
