[youtube] Extracting URL: https://www.youtube.com/watch?v=R3f0x1IJvhI
[youtube] R3f0x1IJvhI: Downloading webpage
[youtube] R3f0x1IJvhI: Downloading android vr player API JSON
[info] R3f0x1IJvhI: Downloading subtitles: es, es-orig
[info] R3f0x1IJvhI: Downloading 1 format(s): 398+251
Deleting existing file C:\Users\bianc\NLP Natural Language Processing\labios-argentos\data_release\local_sources\argentina_new_discovery\R3f0x1IJvhI\R3f0x1IJvhI.es.vtt
[info] Writing video subtitles to: C:\Users\bianc\NLP Natural Language Processing\labios-argentos\data_release\local_sources\argentina_new_discovery\R3f0x1IJvhI\R3f0x1IJvhI.es.vtt
[download] Destination: C:\Users\bianc\NLP Natural Language Processing\labios-argentos\data_release\local_sources\argentina_new_discovery\R3f0x1IJvhI\R3f0x1IJvhI.es.vtt

[download]    1.00KiB at  Unknown B/s (00:00:00)
[download]    3.00KiB at  Unknown B/s (00:00:00)
[download]    7.00KiB at  Unknown B/s (00:00:00)
[download]   15.00KiB at  820.27KiB/s (00:00:00)
[download]   31.00KiB at    1.62MiB/s (00:00:00)
[download]   63.00KiB at    3.29MiB/s (00:00:00)
[download]  127.00KiB at    1.53MiB/s (00:00:00)
[download]  252.70KiB at    2.47MiB/s (00:00:00)
[download] 100% of  252.70KiB in 00:00:00 at 1.41MiB/s
Deleting existing file C:\Users\bianc\NLP Natural Language Processing\labios-argentos\data_release\local_sources\argentina_new_discovery\R3f0x1IJvhI\R3f0x1IJvhI.es-orig.vtt
[info] Writing video subtitles to: C:\Users\bianc\NLP Natural Language Processing\labios-argentos\data_release\local_sources\argentina_new_discovery\R3f0x1IJvhI\R3f0x1IJvhI.es-orig.vtt
[download] Destination: C:\Users\bianc\NLP Natural Language Processing\labios-argentos\data_release\local_sources\argentina_new_discovery\R3f0x1IJvhI\R3f0x1IJvhI.es-orig.vtt

[download]    1.00KiB at  Unknown B/s (00:00:00)
[download]    3.00KiB at  394.25KiB/s (00:00:00)
[download]    7.00KiB at  919.92KiB/s (00:00:00)
[download]   15.00KiB at    1.93MiB/s (00:00:00)
[download]   31.00KiB at    3.98MiB/s (00:00:00)
[download]   63.00KiB at    3.52MiB/s (00:00:00)
[download]  127.00KiB at    1.44MiB/s (00:00:00)
[download]  252.70KiB at    2.11MiB/s (00:00:00)
[download] 100% of  252.70KiB in 00:00:00 at 1.36MiB/s
[info] Writing video metadata as JSON to: C:\Users\bianc\NLP Natural Language Processing\labios-argentos\data_release\local_sources\argentina_new_discovery\R3f0x1IJvhI\R3f0x1IJvhI.info.json
[SubtitlesConvertor] Converting subtitles
[SubtitlesConvertor] Subtitle file for vtt is already in the requested format
[SubtitlesConvertor] Subtitle file for vtt is already in the requested format
[download] Resuming download at byte 158176479

WARNING: [youtube] No supported JavaScript runtime could be found. Only deno is enabled by default; to use another runtime add  --js-runtimes RUNTIME[:PATH]  to your command/config. YouTube extraction without a JS runtime has been deprecated, and some formats may be missing. See  https://github.com/yt-dlp/yt-dlp/wiki/EJS  for details on installing one
WARNING: The extractor specified to use impersonation for this download, but no impersonate target is available. If you encounter errors, then see  https://github.com/yt-dlp/yt-dlp#impersonation  for information on installing the required dependencies
WARNING: The extractor specified to use impersonation for this download, but no impersonate target is available. If you encounter errors, then see  https://github.com/yt-dlp/yt-dlp#impersonation  for information on installing the required dependencies
WARNING: You have requested merging of multiple formats but ffmpeg is not installed. The formats won't be merged
ERROR: unable to download video data: HTTP Error 416: Requested range not satisfiable
