[youtube] Extracting URL: https://www.youtube.com/watch?v=ITovsJg-q5c
[youtube] ITovsJg-q5c: Downloading webpage
[youtube] ITovsJg-q5c: Downloading android vr player API JSON
[info] ITovsJg-q5c: Downloading subtitles: es, es-orig
[info] ITovsJg-q5c: Downloading 1 format(s): 398+251
Deleting existing file C:\Users\bianc\NLP Natural Language Processing\labios-argentos\data_release\local_sources\argentina_new_discovery\ITovsJg-q5c\ITovsJg-q5c.es.vtt
[info] Writing video subtitles to: C:\Users\bianc\NLP Natural Language Processing\labios-argentos\data_release\local_sources\argentina_new_discovery\ITovsJg-q5c\ITovsJg-q5c.es.vtt
[download] Destination: C:\Users\bianc\NLP Natural Language Processing\labios-argentos\data_release\local_sources\argentina_new_discovery\ITovsJg-q5c\ITovsJg-q5c.es.vtt

[download]    1.00KiB at  151.54KiB/s (00:00:00)
[download]    3.00KiB at  454.62KiB/s (00:00:00)
[download]    7.00KiB at    1.04MiB/s (00:00:00)
[download]   15.00KiB at    1.38MiB/s (00:00:00)
[download]   31.00KiB at    2.85MiB/s (00:00:00)
[download]   63.00KiB at    4.41MiB/s (00:00:00)
[download]  127.00KiB at    4.22MiB/s (00:00:00)
[download]  255.00KiB at    4.03MiB/s (00:00:00)
[download]  511.00KiB at    4.34MiB/s (00:00:00)
[download] 1023.00KiB at    3.57MiB/s (00:00:00)
[download]    1.04MiB at    3.05MiB/s (00:00:00)
[download] 100% of    1.04MiB in 00:00:00 at 1.97MiB/s
Deleting existing file C:\Users\bianc\NLP Natural Language Processing\labios-argentos\data_release\local_sources\argentina_new_discovery\ITovsJg-q5c\ITovsJg-q5c.es-orig.vtt
[info] Writing video subtitles to: C:\Users\bianc\NLP Natural Language Processing\labios-argentos\data_release\local_sources\argentina_new_discovery\ITovsJg-q5c\ITovsJg-q5c.es-orig.vtt
[download] Destination: C:\Users\bianc\NLP Natural Language Processing\labios-argentos\data_release\local_sources\argentina_new_discovery\ITovsJg-q5c\ITovsJg-q5c.es-orig.vtt

[download]    1.00KiB at  Unknown B/s (00:00:00)
[download]    3.00KiB at  Unknown B/s (00:00:00)
[download]    7.00KiB at  Unknown B/s (00:00:00)
[download]   15.00KiB at  Unknown B/s (00:00:00)
[download]   31.00KiB at  Unknown B/s (00:00:00)
[download]   63.00KiB at  Unknown B/s (00:00:00)
[download]  127.00KiB at    9.02MiB/s (00:00:00)
[download]  255.00KiB at    3.70MiB/s (00:00:00)
[download]  511.00KiB at    4.35MiB/s (00:00:00)
[download] 1023.00KiB at    3.15MiB/s (00:00:00)
[download]    1.04MiB at    3.24MiB/s (00:00:00)
[download] 100% of    1.04MiB in 00:00:00 at 2.02MiB/s
[info] Writing video metadata as JSON to: C:\Users\bianc\NLP Natural Language Processing\labios-argentos\data_release\local_sources\argentina_new_discovery\ITovsJg-q5c\ITovsJg-q5c.info.json
[SubtitlesConvertor] Converting subtitles
[SubtitlesConvertor] Subtitle file for vtt is already in the requested format
[SubtitlesConvertor] Subtitle file for vtt is already in the requested format
[download] Resuming download at byte 267628387

WARNING: [youtube] No supported JavaScript runtime could be found. Only deno is enabled by default; to use another runtime add  --js-runtimes RUNTIME[:PATH]  to your command/config. YouTube extraction without a JS runtime has been deprecated, and some formats may be missing. See  https://github.com/yt-dlp/yt-dlp/wiki/EJS  for details on installing one
WARNING: The extractor specified to use impersonation for this download, but no impersonate target is available. If you encounter errors, then see  https://github.com/yt-dlp/yt-dlp#impersonation  for information on installing the required dependencies
WARNING: The extractor specified to use impersonation for this download, but no impersonate target is available. If you encounter errors, then see  https://github.com/yt-dlp/yt-dlp#impersonation  for information on installing the required dependencies
WARNING: You have requested merging of multiple formats but ffmpeg is not installed. The formats won't be merged
ERROR: unable to download video data: HTTP Error 416: Requested range not satisfiable
