[youtube] Extracting URL: https://www.youtube.com/watch?v=JixCyhEGE0A
[youtube] JixCyhEGE0A: Downloading webpage
[youtube] JixCyhEGE0A: Downloading android vr player API JSON
[info] JixCyhEGE0A: Downloading subtitles: es, es-orig
[info] JixCyhEGE0A: Downloading 1 format(s): 136+251
Deleting existing file C:\Users\bianc\NLP Natural Language Processing\labios-argentos\data_release\local_sources\argentina_new_discovery\JixCyhEGE0A\JixCyhEGE0A.es.vtt
[info] Writing video subtitles to: C:\Users\bianc\NLP Natural Language Processing\labios-argentos\data_release\local_sources\argentina_new_discovery\JixCyhEGE0A\JixCyhEGE0A.es.vtt
[download] Destination: C:\Users\bianc\NLP Natural Language Processing\labios-argentos\data_release\local_sources\argentina_new_discovery\JixCyhEGE0A\JixCyhEGE0A.es.vtt

[download]    1.00KiB at  Unknown B/s (00:00:00)
[download]    3.00KiB at  644.48KiB/s (00:00:00)
[download]    7.00KiB at    1.47MiB/s (00:00:00)
[download]   15.00KiB at    3.15MiB/s (00:00:00)
[download]   31.00KiB at    6.50MiB/s (00:00:00)
[download]   63.00KiB at    4.65MiB/s (00:00:00)
[download]  127.00KiB at    3.99MiB/s (00:00:00)
[download]  255.00KiB at    5.20MiB/s (00:00:00)
[download]  446.06KiB at    4.55MiB/s (00:00:00)
[download] 100% of  446.06KiB in 00:00:00 at 2.21MiB/s
Deleting existing file C:\Users\bianc\NLP Natural Language Processing\labios-argentos\data_release\local_sources\argentina_new_discovery\JixCyhEGE0A\JixCyhEGE0A.es-orig.vtt
[info] Writing video subtitles to: C:\Users\bianc\NLP Natural Language Processing\labios-argentos\data_release\local_sources\argentina_new_discovery\JixCyhEGE0A\JixCyhEGE0A.es-orig.vtt
[download] Destination: C:\Users\bianc\NLP Natural Language Processing\labios-argentos\data_release\local_sources\argentina_new_discovery\JixCyhEGE0A\JixCyhEGE0A.es-orig.vtt

[download]    1.00KiB at  498.97KiB/s (00:00:00)
[download]    3.00KiB at  997.06KiB/s (00:00:00)
[download]    7.00KiB at  649.96KiB/s (00:00:00)
[download]   15.00KiB at    1.36MiB/s (00:00:00)
[download]   31.00KiB at    2.31MiB/s (00:00:00)
[download]   63.00KiB at    3.66MiB/s (00:00:00)
[download]  127.00KiB at    5.22MiB/s (00:00:00)
[download]  255.00KiB at    4.69MiB/s (00:00:00)
[download]  446.06KiB at    5.14MiB/s (00:00:00)
[download] 100% of  446.06KiB in 00:00:00 at 2.38MiB/s
[info] Writing video metadata as JSON to: C:\Users\bianc\NLP Natural Language Processing\labios-argentos\data_release\local_sources\argentina_new_discovery\JixCyhEGE0A\JixCyhEGE0A.info.json
[SubtitlesConvertor] Converting subtitles
[SubtitlesConvertor] Subtitle file for vtt is already in the requested format
[SubtitlesConvertor] Subtitle file for vtt is already in the requested format
[download] Resuming download at byte 123760577

WARNING: [youtube] No supported JavaScript runtime could be found. Only deno is enabled by default; to use another runtime add  --js-runtimes RUNTIME[:PATH]  to your command/config. YouTube extraction without a JS runtime has been deprecated, and some formats may be missing. See  https://github.com/yt-dlp/yt-dlp/wiki/EJS  for details on installing one
WARNING: The extractor specified to use impersonation for this download, but no impersonate target is available. If you encounter errors, then see  https://github.com/yt-dlp/yt-dlp#impersonation  for information on installing the required dependencies
WARNING: The extractor specified to use impersonation for this download, but no impersonate target is available. If you encounter errors, then see  https://github.com/yt-dlp/yt-dlp#impersonation  for information on installing the required dependencies
WARNING: You have requested merging of multiple formats but ffmpeg is not installed. The formats won't be merged
ERROR: unable to download video data: HTTP Error 416: Requested range not satisfiable
