[youtube] Extracting URL: https://www.youtube.com/watch?v=EhYznjqlcKY
[youtube] EhYznjqlcKY: Downloading webpage
[youtube] EhYznjqlcKY: Downloading android vr player API JSON
[info] EhYznjqlcKY: Downloading subtitles: es, es-orig
[info] EhYznjqlcKY: Downloading 1 format(s): 135+251
Deleting existing file C:\Users\bianc\NLP Natural Language Processing\labios-argentos\data_release\local_sources\argentina_new_discovery\EhYznjqlcKY\EhYznjqlcKY.es.vtt
[info] Writing video subtitles to: C:\Users\bianc\NLP Natural Language Processing\labios-argentos\data_release\local_sources\argentina_new_discovery\EhYznjqlcKY\EhYznjqlcKY.es.vtt
[download] Destination: C:\Users\bianc\NLP Natural Language Processing\labios-argentos\data_release\local_sources\argentina_new_discovery\EhYznjqlcKY\EhYznjqlcKY.es.vtt

[download]    1.00KiB at  531.40KiB/s (00:00:00)
[download]    3.00KiB at    1.56MiB/s (00:00:00)
[download]    7.00KiB at    3.63MiB/s (00:00:00)
[download]   15.00KiB at    7.78MiB/s (00:00:00)
[download]   31.00KiB at   16.09MiB/s (00:00:00)
[download]   63.00KiB at   32.69MiB/s (00:00:00)
[download]  127.00KiB at    6.29MiB/s (00:00:00)
[download]  255.00KiB at    4.53MiB/s (00:00:00)
[download]  320.36KiB at    4.56MiB/s (00:00:00)
[download] 100% of  320.36KiB in 00:00:00 at 1.56MiB/s
Deleting existing file C:\Users\bianc\NLP Natural Language Processing\labios-argentos\data_release\local_sources\argentina_new_discovery\EhYznjqlcKY\EhYznjqlcKY.es-orig.vtt
[info] Writing video subtitles to: C:\Users\bianc\NLP Natural Language Processing\labios-argentos\data_release\local_sources\argentina_new_discovery\EhYznjqlcKY\EhYznjqlcKY.es-orig.vtt
[download] Destination: C:\Users\bianc\NLP Natural Language Processing\labios-argentos\data_release\local_sources\argentina_new_discovery\EhYznjqlcKY\EhYznjqlcKY.es-orig.vtt

[download]    1.00KiB at  Unknown B/s (00:00:00)
[download]    3.00KiB at  Unknown B/s (00:00:00)
[download]    7.00KiB at  Unknown B/s (00:00:00)
[download]   15.00KiB at  Unknown B/s (00:00:00)
[download]   31.00KiB at  Unknown B/s (00:00:00)
[download]   63.00KiB at  Unknown B/s (00:00:00)
[download]  127.00KiB at    1.82MiB/s (00:00:00)
[download]  255.00KiB at    2.98MiB/s (00:00:00)
[download]  320.36KiB at    2.62MiB/s (00:00:00)
[download] 100% of  320.36KiB in 00:00:00 at 1.55MiB/s
[info] Writing video metadata as JSON to: C:\Users\bianc\NLP Natural Language Processing\labios-argentos\data_release\local_sources\argentina_new_discovery\EhYznjqlcKY\EhYznjqlcKY.info.json
[SubtitlesConvertor] Converting subtitles
[SubtitlesConvertor] Subtitle file for vtt is already in the requested format
[SubtitlesConvertor] Subtitle file for vtt is already in the requested format
[download] Resuming download at byte 217054311

WARNING: [youtube] No supported JavaScript runtime could be found. Only deno is enabled by default; to use another runtime add  --js-runtimes RUNTIME[:PATH]  to your command/config. YouTube extraction without a JS runtime has been deprecated, and some formats may be missing. See  https://github.com/yt-dlp/yt-dlp/wiki/EJS  for details on installing one
WARNING: The extractor specified to use impersonation for this download, but no impersonate target is available. If you encounter errors, then see  https://github.com/yt-dlp/yt-dlp#impersonation  for information on installing the required dependencies
WARNING: The extractor specified to use impersonation for this download, but no impersonate target is available. If you encounter errors, then see  https://github.com/yt-dlp/yt-dlp#impersonation  for information on installing the required dependencies
WARNING: You have requested merging of multiple formats but ffmpeg is not installed. The formats won't be merged
ERROR: unable to download video data: HTTP Error 416: Requested range not satisfiable
