[youtube] Extracting URL: https://www.youtube.com/watch?v=IGYG0Kn0wxo
[youtube] IGYG0Kn0wxo: Downloading webpage
[youtube] IGYG0Kn0wxo: Downloading android vr player API JSON
[info] IGYG0Kn0wxo: Downloading subtitles: es, es-orig
[info] IGYG0Kn0wxo: Downloading 1 format(s): 243+251
Deleting existing file C:\Users\bianc\NLP Natural Language Processing\labios-argentos\data_release\local_sources\argentina_new_discovery\IGYG0Kn0wxo\IGYG0Kn0wxo.es.vtt
[info] Writing video subtitles to: C:\Users\bianc\NLP Natural Language Processing\labios-argentos\data_release\local_sources\argentina_new_discovery\IGYG0Kn0wxo\IGYG0Kn0wxo.es.vtt
[download] Destination: C:\Users\bianc\NLP Natural Language Processing\labios-argentos\data_release\local_sources\argentina_new_discovery\IGYG0Kn0wxo\IGYG0Kn0wxo.es.vtt

[download]    1.00KiB at  Unknown B/s (00:00:00)
[download]    3.00KiB at  Unknown B/s (00:00:00)
[download]    7.00KiB at  Unknown B/s (00:00:00)
[download]   15.00KiB at  Unknown B/s (00:00:00)
[download]   31.00KiB at  Unknown B/s (00:00:00)
[download]   63.00KiB at  Unknown B/s (00:00:00)
[download]  127.00KiB at    6.87MiB/s (00:00:00)
[download]  255.00KiB at    5.32MiB/s (00:00:00)
[download]  284.03KiB at    5.45MiB/s (00:00:00)
[download] 100% of  284.03KiB in 00:00:00 at 1.65MiB/s
Deleting existing file C:\Users\bianc\NLP Natural Language Processing\labios-argentos\data_release\local_sources\argentina_new_discovery\IGYG0Kn0wxo\IGYG0Kn0wxo.es-orig.vtt
[info] Writing video subtitles to: C:\Users\bianc\NLP Natural Language Processing\labios-argentos\data_release\local_sources\argentina_new_discovery\IGYG0Kn0wxo\IGYG0Kn0wxo.es-orig.vtt
[download] Destination: C:\Users\bianc\NLP Natural Language Processing\labios-argentos\data_release\local_sources\argentina_new_discovery\IGYG0Kn0wxo\IGYG0Kn0wxo.es-orig.vtt

[download]    1.00KiB at  Unknown B/s (00:00:00)
[download]    3.00KiB at  252.97KiB/s (00:00:00)
[download]    7.00KiB at  590.27KiB/s (00:00:00)
[download]   15.00KiB at    1.13MiB/s (00:00:00)
[download]   31.00KiB at    1.90MiB/s (00:00:00)
[download]   63.00KiB at    3.24MiB/s (00:00:00)
[download]  127.00KiB at    3.79MiB/s (00:00:00)
[download]  255.00KiB at    5.00MiB/s (00:00:00)
[download]  284.03KiB at    5.57MiB/s (00:00:00)
[download] 100% of  284.03KiB in 00:00:00 at 2.41MiB/s
[info] Writing video metadata as JSON to: C:\Users\bianc\NLP Natural Language Processing\labios-argentos\data_release\local_sources\argentina_new_discovery\IGYG0Kn0wxo\IGYG0Kn0wxo.info.json
[SubtitlesConvertor] Converting subtitles
[SubtitlesConvertor] Subtitle file for vtt is already in the requested format
[SubtitlesConvertor] Subtitle file for vtt is already in the requested format
[download] Destination: C:\Users\bianc\NLP Natural Language Processing\labios-argentos\data_release\local_sources\argentina_new_discovery\IGYG0Kn0wxo\IGYG0Kn0wxo.f243.webm

[download]   0.0% of   50.08MiB at  Unknown B/s ETA Unknown
[download]   0.0% of   50.08MiB at  Unknown B/s ETA Unknown
[download]   0.0% of   50.08MiB at  Unknown B/s ETA Unknown
[download]   0.0% of   50.08MiB at  Unknown B/s ETA Unknown
[download]   0.1% of   50.08MiB at    1.75MiB/s ETA 00:28  
[download]   0.1% of   50.08MiB at    3.55MiB/s ETA 00:14
[download]   0.2% of   50.08MiB at    3.23MiB/s ETA 00:15
[download]   0.5% of   50.08MiB at    4.87MiB/s ETA 00:10
[download]   1.0% of   50.08MiB at    4.99MiB/s ETA 00:09
[download]   2.0% of   50.08MiB at    4.26MiB/s ETA 00:11
[download]   4.0% of   50.08MiB at    4.10MiB/s ETA 00:11
[download]   8.0% of   50.08MiB at    4.41MiB/s ETA 00:10
[download]  16.0% of   50.08MiB at    2.89MiB/s ETA 00:14
[download]  19.5% of   50.08MiB at    3.03MiB/s ETA 00:13
[download]  19.5% of   50.08MiB at   67.71KiB/s ETA 10:10
[download]  19.5% of   50.08MiB at  203.14KiB/s ETA 03:23
[download]  19.5% of   50.08MiB at  473.99KiB/s ETA 01:27
[download]  19.5% of   50.08MiB at 1015.70KiB/s ETA 00:40
[download]  19.5% of   50.08MiB at    2.05MiB/s ETA 00:19
[download]  19.6% of   50.08MiB at    4.17MiB/s ETA 00:09
[download]  19.7% of   50.08MiB at    3.88MiB/s ETA 00:10
[download]  20.0% of   50.08MiB at    4.20MiB/s ETA 00:09
[download]  20.5% of   50.08MiB at    5.01MiB/s ETA 00:08
[download]  21.5% of   50.08MiB at    5.25MiB/s ETA 00:07
[download]  23.4% of   50.08MiB at    5.20MiB/s ETA 00:07
[download]  27.4% of   50.08MiB at    4.89MiB/s ETA 00:07
[download]  35.4% of   50.08MiB at    4.46MiB/s ETA 00:07
[download]  39.0% of   50.08MiB at    3.61MiB/s ETA 00:08
[download]  39.0% of   50.08MiB at  Unknown B/s ETA 06:25
[download]  39.0% of   50.08MiB at  216.88KiB/s ETA 02:24
[download]  39.0% of   50.08MiB at  493.20KiB/s ETA 01:03
[download]  39.0% of   50.08MiB at  885.31KiB/s ETA 00:35
[download]  39.0% of   50.08MiB at    1.79MiB/s ETA 00:17
[download]  39.1% of   50.08MiB at    3.63MiB/s ETA 00:08
[download]  39.2% of   50.08MiB at    7.32MiB/s ETA 00:04
[download]  39.5% of   50.08MiB at    5.04MiB/s ETA 00:06
[download]  40.0% of   50.08MiB at  730.85KiB/s ETA 00:42
[download]  40.7% of   50.08MiB at    1.16MiB/s ETA 00:25
[download]  42.3% of   50.08MiB at    1.78MiB/s ETA 00:16
[download]  45.3% of   50.08MiB at    2.56MiB/s ETA 00:10
[download]  51.5% of   50.08MiB at    3.27MiB/s ETA 00:07
[download]  58.4% of   50.08MiB at    3.77MiB/s ETA 00:05
[download]  58.4% of   50.08MiB at  Unknown B/s ETA Unknown
[download]  58.4% of   50.08MiB at  Unknown B/s ETA Unknown
[download]  58.4% of   50.08MiB at  Unknown B/s ETA Unknown
[download]  58.4% of   50.08MiB at  Unknown B/s ETA Unknown
[download]  58.4% of   50.08MiB at  Unknown B/s ETA Unknown
[download]  58.5% of   50.08MiB at    3.43MiB/s ETA 00:06  
[download]  58.6% of   50.08MiB at    4.55MiB/s ETA 00:04
[download]  58.9% of   50.08MiB at    6.95MiB/s ETA 00:02
[download]  59.4% of   50.08MiB at    6.05MiB/s ETA 00:03
[download]  60.4% of   50.08MiB at    1.14MiB/s ETA 00:17
[download]  61.6% of   50.08MiB at    1.63MiB/s ETA 00:11
[download]  64.1% of   50.08MiB at    2.34MiB/s ETA 00:07
[download]  69.2% of   50.08MiB at    2.75MiB/s ETA 00:05
[download]  76.1% of   50.08MiB at    3.32MiB/s ETA 00:03
[download]  78.2% of   50.08MiB at    3.46MiB/s ETA 00:03
[download]  78.2% of   50.08MiB at   66.41KiB/s ETA 02:48
[download]  78.2% of   50.08MiB at  181.35KiB/s ETA 01:01
[download]  78.2% of   50.08MiB at  423.15KiB/s ETA 00:26
[download]  78.2% of   50.08MiB at  906.75KiB/s ETA 00:12
[download]  78.2% of   50.08MiB at    1.83MiB/s ETA 00:05
[download]  78.3% of   50.08MiB at    3.72MiB/s ETA 00:02
[download]  78.4% of   50.08MiB at    3.72MiB/s ETA 00:02
[download]  78.7% of   50.08MiB at    5.17MiB/s ETA 00:02
[download]  79.2% of   50.08MiB at    4.61MiB/s ETA 00:02
[download]  80.2% of   50.08MiB at    4.67MiB/s ETA 00:02
[download]  82.2% of   50.08MiB at    4.81MiB/s ETA 00:01
[download]  86.2% of   50.08MiB at    4.83MiB/s ETA 00:01
[download]  94.2% of   50.08MiB at    4.11MiB/s ETA 00:00
[download]  97.6% of   50.08MiB at    4.21MiB/s ETA 00:00
[download]  97.7% of   50.08MiB at   76.93KiB/s ETA 00:15
[download]  97.7% of   50.08MiB at  230.79KiB/s ETA 00:05
[download]  97.7% of   50.08MiB at  538.51KiB/s ETA 00:02
[download]  97.7% of   50.08MiB at    1.13MiB/s ETA 00:01
[download]  97.7% of   50.08MiB at    2.33MiB/s ETA 00:00
[download]  97.8% of   50.08MiB at    4.73MiB/s ETA 00:00
[download]  97.9% of   50.08MiB at    4.46MiB/s ETA 00:00
[download]  98.1% of   50.08MiB at    5.41MiB/s ETA 00:00
[download]  98.6% of   50.08MiB at    4.98MiB/s ETA 00:00
[download]  99.6% of   50.08MiB at    5.14MiB/s ETA 00:00
[download] 100.0% of   50.08MiB at    1.62MiB/s ETA 00:00
[download] 100% of   50.08MiB in 00:00:15 at 3.30MiB/s   
[download] Destination: C:\Users\bianc\NLP Natural Language Processing\labios-argentos\data_release\local_sources\argentina_new_discovery\IGYG0Kn0wxo\IGYG0Kn0wxo.f251.webm

[download]   0.0% of   28.01MiB at  Unknown B/s ETA Unknown
[download]   0.0% of   28.01MiB at  Unknown B/s ETA Unknown
[download]   0.0% of   28.01MiB at  Unknown B/s ETA Unknown
[download]   0.1% of   28.01MiB at  Unknown B/s ETA Unknown
[download]   0.1% of   28.01MiB at  Unknown B/s ETA Unknown
[download]   0.2% of   28.01MiB at    5.56MiB/s ETA 00:05  
[download]   0.4% of   28.01MiB at    9.92MiB/s ETA 00:02
[download]   0.9% of   28.01MiB at    8.60MiB/s ETA 00:03
[download]   1.8% of   28.01MiB at    6.22MiB/s ETA 00:04
[download]   3.6% of   28.01MiB at    5.59MiB/s ETA 00:04
[download]   7.1% of   28.01MiB at    5.28MiB/s ETA 00:04
[download]  14.3% of   28.01MiB at    5.34MiB/s ETA 00:04
[download]  28.6% of   28.01MiB at    5.07MiB/s ETA 00:03
[download]  35.6% of   28.01MiB at    5.05MiB/s ETA 00:03
[download]  35.6% of   28.01MiB at  451.05KiB/s ETA 00:40
[download]  35.6% of   28.01MiB at    1.32MiB/s ETA 00:13
[download]  35.7% of   28.01MiB at    2.18MiB/s ETA 00:08
[download]  35.7% of   28.01MiB at    4.67MiB/s ETA 00:03
[download]  35.7% of   28.01MiB at    4.86MiB/s ETA 00:03
[download]  35.8% of   28.01MiB at    5.47MiB/s ETA 00:03
[download]  36.1% of   28.01MiB at    6.94MiB/s ETA 00:02
[download]  36.5% of   28.01MiB at   10.29MiB/s ETA 00:01
[download]  37.4% of   28.01MiB at    5.51MiB/s ETA 00:03
[download]  39.2% of   28.01MiB at    2.93MiB/s ETA 00:05
[download]  42.8% of   28.01MiB at    3.68MiB/s ETA 00:04
[download]  49.9% of   28.01MiB at    4.33MiB/s ETA 00:03
[download]  64.2% of   28.01MiB at    4.57MiB/s ETA 00:02
[download]  70.0% of   28.01MiB at    4.63MiB/s ETA 00:01
[download]  70.0% of   28.01MiB at  319.96KiB/s ETA 00:26
[download]  70.0% of   28.01MiB at  959.87KiB/s ETA 00:08
[download]  70.0% of   28.01MiB at    2.19MiB/s ETA 00:03
[download]  70.0% of   28.01MiB at    4.69MiB/s ETA 00:01
[download]  70.1% of   28.01MiB at    9.69MiB/s ETA 00:00
[download]  70.2% of   28.01MiB at   19.68MiB/s ETA 00:00
[download]  70.4% of   28.01MiB at    5.55MiB/s ETA 00:01
[download]  70.9% of   28.01MiB at    7.30MiB/s ETA 00:01
[download]  71.8% of   28.01MiB at    1.22MiB/s ETA 00:06
[download]  73.6% of   28.01MiB at    1.92MiB/s ETA 00:03
[download]  77.1% of   28.01MiB at    2.91MiB/s ETA 00:02
[download]  84.3% of   28.01MiB at    3.74MiB/s ETA 00:01
[download]  98.6% of   28.01MiB at    4.29MiB/s ETA 00:00
[download] 100.0% of   28.01MiB at    4.34MiB/s ETA 00:00
[download] 100% of   28.01MiB in 00:00:06 at 4.49MiB/s   

WARNING: [youtube] No supported JavaScript runtime could be found. Only deno is enabled by default; to use another runtime add  --js-runtimes RUNTIME[:PATH]  to your command/config. YouTube extraction without a JS runtime has been deprecated, and some formats may be missing. See  https://github.com/yt-dlp/yt-dlp/wiki/EJS  for details on installing one
WARNING: The extractor specified to use impersonation for this download, but no impersonate target is available. If you encounter errors, then see  https://github.com/yt-dlp/yt-dlp#impersonation  for information on installing the required dependencies
WARNING: The extractor specified to use impersonation for this download, but no impersonate target is available. If you encounter errors, then see  https://github.com/yt-dlp/yt-dlp#impersonation  for information on installing the required dependencies
WARNING: You have requested merging of multiple formats but ffmpeg is not installed. The formats won't be merged
