 ETA Unknown
[download]  71.4% of  328.96MiB at  Unknown B/s ETA Unknown
[download]  71.4% of  328.96MiB at  Unknown B/s ETA Unknown
[download]  71.4% of  328.96MiB at  Unknown B/s ETA Unknown
[download]  71.4% of  328.96MiB at    3.78MiB/s ETA 00:24  
[download]  71.4% of  328.96MiB at    7.62MiB/s ETA 00:12
[download]  71.4% of  328.96MiB at    5.19MiB/s ETA 00:18
[download]  71.5% of  328.96MiB at    5.10MiB/s ETA 00:18
[download]  71.7% of  328.96MiB at    5.34MiB/s ETA 00:17
[download]  72.0% of  328.96MiB at    5.18MiB/s ETA 00:17
[download]  72.6% of  328.96MiB at    4.54MiB/s ETA 00:19
[download]  73.8% of  328.96MiB at    1.76MiB/s ETA 00:48
[download]  74.3% of  328.96MiB at    1.02MiB/s ETA 01:23
[download]  74.3% of  328.96MiB at  Unknown B/s ETA Unknown
[download]  74.3% of  328.96MiB at  191.17KiB/s ETA 07:33  
[download]  74.3% of  328.96MiB at  446.06KiB/s ETA 03:14
[download]  74.3% of  328.96MiB at  955.84KiB/s ETA 01:30
[download]  74.3% of  328.96MiB at    1.93MiB/s ETA 00:43
[download]  74.3% of  328.96MiB at    3.92MiB/s ETA 00:21
[download]  74.3% of  328.96MiB at    3.95MiB/s ETA 00:21
[download]  74.3% of  328.96MiB at   68.01KiB/s ETA 21:11
[download]  74.4% of  328.96MiB at   78.13KiB/s ETA 18:25
[download]  74.4% of  328.96MiB at  108.99KiB/s ETA 13:11
[download]  74.5% of  328.96MiB at  135.32KiB/s ETA 10:35
[download]  74.5% of  328.96MiB at  113.94KiB/s ETA 12:32
[download]  74.6% of  328.96MiB at  115.32KiB/s ETA 12:22
[download]  74.6% of  328.96MiB at  128.91KiB/s ETA 11:03
[download]  74.7% of  328.96MiB at  155.15KiB/s ETA 09:09
[download]  74.8% of  328.96MiB at  208.03KiB/s ETA 06:47
[download]  75.1% of  328.96MiB at  309.92KiB/s ETA 04:30
[download]  75.7% of  328.96MiB at  501.19KiB/s ETA 02:43
[download]  77.0% of  328.96MiB at  842.19KiB/s ETA 01:32
[download]  77.2% of  328.96MiB at  902.66KiB/s ETA 01:25
[download]  77.2% of  328.96MiB at  183.48KiB/s ETA 06:58
[download]  77.2% of  328.96MiB at  402.00KiB/s ETA 03:11
[download]  77.2% of  328.96MiB at  937.99KiB/s ETA 01:21
[download]  77.2% of  328.96MiB at    1.96MiB/s ETA 00:38
[download]  77.2% of  328.96MiB at    4.06MiB/s ETA 00:18
[download]  77.2% of  328.96MiB at    8.24MiB/s ETA 00:09
[download]  77.2% of  328.96MiB at    5.08MiB/s ETA 00:14
[download]  77.3% of  328.96MiB at    6.16MiB/s ETA 00:12
[download]  77.3% of  328.96MiB at    7.20MiB/s ETA 00:10
[download]  77.5% of  328.96MiB at    5.37MiB/s ETA 00:13
[download]  77.8% of  328.96MiB at    5.18MiB/s ETA 00:14
[download]  78.4% of  328.96MiB at    3.16MiB/s ETA 00:22
[download]  79.1% of  328.96MiB at    3.78MiB/s ETA 00:18
[download]  80.1% of  328.96MiB at    4.30MiB/s ETA 00:15
[download]  80.1% of  328.96MiB at  454.62KiB/s ETA 02:27
[download]  80.1% of  328.96MiB at    1.33MiB/s ETA 00:49
[download]  80.1% of  328.96MiB at    3.11MiB/s ETA 00:21
[download]  80.1% of  328.96MiB at    3.47MiB/s ETA 00:18
[download]  80.1% of  328.96MiB at    7.18MiB/s ETA 00:09
[download]  80.1% of  328.96MiB at    6.00MiB/s ETA 00:10
[download]  80.1% of  328.96MiB at    5.81MiB/s ETA 00:11
[download]  80.2% of  328.96MiB at    6.63MiB/s ETA 00:09
[download]  80.2% of  328.96MiB at    5.29MiB/s ETA 00:12
[download]  80.4% of  328.96MiB at    6.09MiB/s ETA 00:10
[download]  80.7% of  328.96MiB at    5.89MiB/s ETA 00:10
[download]  81.3% of  328.96MiB at    5.76MiB/s ETA 00:10
[download]  82.5% of  328.96MiB at    5.37MiB/s ETA 00:10
[download]  83.0% of  328.96MiB at    5.35MiB/s ETA 00:10
[download]  83.0% of  328.96MiB at  333.65KiB/s ETA 02:51
[download]  83.0% of  328.96MiB at 1000.95KiB/s ETA 00:57
[download]  83.1% of  328.96MiB at    2.28MiB/s ETA 00:24
[download]  83.1% of  328.96MiB at    4.89MiB/s ETA 00:11
[download]  83.1% of  328.96MiB at    4.88MiB/s ETA 00:11
[download]  83.1% of  328.96MiB at    5.36MiB/s ETA 00:10
[download]  83.1% of  328.96MiB at    5.42MiB/s ETA 00:10
[download]  83.1% of  328.96MiB at    6.42MiB/s ETA 00:08
[download]  83.2% of  328.96MiB at    6.37MiB/s ETA 00:08
[download]  83.4% of  328.96MiB at    6.22MiB/s ETA 00:08
[download]  83.7% of  328.96MiB at    6.19MiB/s ETA 00:08
[download]  84.3% of  328.96MiB at    5.94MiB/s ETA 00:08
[download]  85.5% of  328.96MiB at    4.67MiB/s ETA 00:10
[download]  86.1% of  328.96MiB at    2.56MiB/s ETA 00:17
[download]  86.1% of  328.96MiB at  170.84KiB/s ETA 04:34
[download]  86.1% of  328.96MiB at  443.39KiB/s ETA 01:45
[download]  86.1% of  328.96MiB at    1.01MiB/s ETA 00:45
[download]  86.1% of  328.96MiB at    1.89MiB/s ETA 00:24
[download]  86.1% of  328.96MiB at    3.91MiB/s ETA 00:11
[download]  86.1% of  328.96MiB at    4.79MiB/s ETA 00:09
[download]  86.1% of  328.96MiB at    6.58MiB/s ETA 00:06
[download]  86.2% of  328.96MiB at    5.90MiB/s ETA 00:07
[download]  86.2% of  328.96MiB at    6.06MiB/s ETA 00:07
[download]  86.4% of  328.96MiB at    3.36MiB/s ETA 00:13
[download]  86.7% of  328.96MiB at    3.97MiB/s ETA 00:11
[download]  87.3% of  328.96MiB at    4.68MiB/s ETA 00:08
[download]  88.5% of  328.96MiB at    5.10MiB/s ETA 00:07
[download]  89.0% of  328.96MiB at    4.79MiB/s ETA 00:07
[download]  89.0% of  328.96MiB at  Unknown B/s ETA Unknown
[download]  89.0% of  328.96MiB at  Unknown B/s ETA Unknown
[download]  89.0% of  328.96MiB at  Unknown B/s ETA Unknown
[download]  89.0% of  328.96MiB at  Unknown B/s ETA Unknown
[download]  89.0% of  328.96MiB at  Unknown B/s ETA Unknown
[download]  89.0% of  328.96MiB at  Unknown B/s ETA Unknown
[download]  89.0% of  328.96MiB at    7.83MiB/s ETA 00:04  
[download]  89.1% of  328.96MiB at    7.84MiB/s ETA 00:04
[download]  89.1% of  328.96MiB at    6.48MiB/s ETA 00:05
[download]  89.3% of  328.96MiB at    5.75MiB/s ETA 00:06
[download]  89.6% of  328.96MiB at    5.20MiB/s ETA 00:06
[download]  90.2% of  328.96MiB at    5.42MiB/s ETA 00:05
[download]  91.4% of  328.96MiB at    5.03MiB/s ETA 00:05
[download]  92.0% of  328.96MiB at    4.08MiB/s ETA 00:06
[download]  92.0% of  328.96MiB at  Unknown B/s ETA Unknown
[download]  92.0% of  328.96MiB at  Unknown B/s ETA Unknown
[download]  92.0% of  328.96MiB at  Unknown B/s ETA Unknown
[download]  92.0% of  328.96MiB at  Unknown B/s ETA Unknown
[download]  92.0% of  328.96MiB at  Unknown B/s ETA Unknown
[download]  92.0% of  328.96MiB at  Unknown B/s ETA Unknown
[download]  92.0% of  328.96MiB at    7.84MiB/s ETA 00:03  
[download]  92.0% of  328.96MiB at    7.87MiB/s ETA 00:03
[download]  92.1% of  328.96MiB at    6.26MiB/s ETA 00:04
[download]  92.3% of  328.96MiB at    5.70MiB/s ETA 00:04
[download]  92.6% of  328.96MiB at    5.59MiB/s ETA 00:04
[download]  93.2% of  328.96MiB at    5.53MiB/s ETA 00:04
[download]  94.4% of  328.96MiB at    5.66MiB/s ETA 00:03
[download]  95.0% of  328.96MiB at    5.57MiB/s ETA 00:02
[download]  95.0% of  328.96MiB at  248.91KiB/s ETA 01:08
[download]  95.0% of  328.96MiB at  281.74KiB/s ETA 01:00
[download]  95.0% of  328.96MiB at  657.38KiB/s ETA 00:25
[download]  95.0% of  328.96MiB at    1.38MiB/s ETA 00:12
[download]  95.0% of  328.96MiB at    2.84MiB/s ETA 00:05
[download]  95.0% of  328.96MiB at    5.78MiB/s ETA 00:02
[download]  95.0% of  328.96MiB at    4.68MiB/s ETA 00:03
[download]  95.0% of  328.96MiB at    4.28MiB/s ETA 00:03
[download]  95.1% of  328.96MiB at    4.94MiB/s ETA 00:03
[download]  95.3% of  328.96MiB at    5.17MiB/s ETA 00:03
[download]  95.6% of  328.96MiB at    5.40MiB/s ETA 00:02
[download]  96.2% of  328.96MiB at    4.60MiB/s ETA 00:02
[download]  97.4% of  328.96MiB at    4.75MiB/s ETA 00:01
[download]  97.9% of  328.96MiB at    4.92MiB/s ETA 00:01
[download]  97.9% of  328.96MiB at  497.49KiB/s ETA 00:14
[download]  97.9% of  328.96MiB at    1.46MiB/s ETA 00:04
[download]  97.9% of  328.96MiB at    1.70MiB/s ETA 00:04
[download]  97.9% of  328.96MiB at    3.64MiB/s ETA 00:01
[download]  97.9% of  328.96MiB at    1.91MiB/s ETA 00:03
[download]  97.9% of  328.96MiB at    1.94MiB/s ETA 00:03
[download]  98.0% of  328.96MiB at    1.85MiB/s ETA 00:03
[download]  98.0% of  328.96MiB at    1.97MiB/s ETA 00:03
[download]  98.1% of  328.96MiB at    2.84MiB/s ETA 00:02
[download]  98.2% of  328.96MiB at    3.48MiB/s ETA 00:01
[download]  98.5% of  328.96MiB at    4.29MiB/s ETA 00:01
[download]  99.1% of  328.96MiB at    4.44MiB/s ETA 00:00
[download] 100.0% of  328.96MiB at    4.84MiB/s ETA 00:00
[download] 100% of  328.96MiB in 00:02:00 at 2.72MiB/s   
[download] Destination: C:\Users\bianc\NLP Natural Language Processing\labios-argentos\data_release\local_sources\argentina_new_discovery\sjnH4bTak9s\sjnH4bTak9s.f251.webm

[download]   0.0% of   24.06MiB at   63.57KiB/s ETA 06:27
[download]   0.0% of   24.06MiB at  190.71KiB/s ETA 02:09
[download]   0.0% of   24.06MiB at  444.98KiB/s ETA 00:55
[download]   0.1% of   24.06MiB at  768.38KiB/s ETA 00:32
[download]   0.1% of   24.06MiB at    1.55MiB/s ETA 00:15
[download]   0.3% of   24.06MiB at    3.15MiB/s ETA 00:07
[download]   0.5% of   24.06MiB at    4.47MiB/s ETA 00:05
[download]   1.0% of   24.06MiB at    4.61MiB/s ETA 00:05
[download]   2.1% of   24.06MiB at    5.38MiB/s ETA 00:04
[download]   4.2% of   24.06MiB at    5.32MiB/s ETA 00:04
[download]   8.3% of   24.06MiB at    5.49MiB/s ETA 00:04
[download]  16.6% of   24.06MiB at    5.49MiB/s ETA 00:03
[download]  33.2% of   24.06MiB at    5.41MiB/s ETA 00:02
[download]  40.6% of   24.06MiB at    5.40MiB/s ETA 00:02
[download]  40.6% of   24.06MiB at  Unknown B/s ETA Unknown
[download]  40.7% of   24.06MiB at  Unknown B/s ETA Unknown
[download]  40.7% of   24.06MiB at  Unknown B/s ETA Unknown
[download]  40.7% of   24.06MiB at  Unknown B/s ETA Unknown
[download]  40.8% of   24.06MiB at  Unknown B/s ETA Unknown
[download]  40.9% of   24.06MiB at  Unknown B/s ETA Unknown
[download]  41.2% of   24.06MiB at    7.85MiB/s ETA 00:01  
[download]  41.7% of   24.06MiB at    5.26MiB/s ETA 00:02
[download]  42.7% of   24.06MiB at    5.17MiB/s ETA 00:02
[download]  44.8% of   24.06MiB at    5.69MiB/s ETA 00:02
[download]  49.0% of   24.06MiB at    5.21MiB/s ETA 00:02
[download]  57.3% of   24.06MiB at    5.11MiB/s ETA 00:02
[download]  73.9% of   24.06MiB at    5.28MiB/s ETA 00:01
[download]  82.1% of   24.06MiB at    5.36MiB/s ETA 00:00
[download]  82.1% of   24.06MiB at  498.31KiB/s ETA 00:08
[download]  82.1% of   24.06MiB at    1.46MiB/s ETA 00:02
[download]  82.2% of   24.06MiB at    3.41MiB/s ETA 00:01
[download]  82.2% of   24.06MiB at    7.30MiB/s ETA 00:00
[download]  82.3% of   24.06MiB at    5.03MiB/s ETA 00:00
[download]  82.4% of   24.06MiB at    5.11MiB/s ETA 00:00
[download]  82.6% of   24.06MiB at    4.77MiB/s ETA 00:00
[download]  83.2% of   24.06MiB at    5.44MiB/s ETA 00:00
[download]  84.2% of   24.06MiB at    4.92MiB/s ETA 00:00
[download]  86.3% of   24.06MiB at    5.93MiB/s ETA 00:00
[download]  90.4% of   24.06MiB at    5.53MiB/s ETA 00:00
[download]  98.7% of   24.06MiB at    5.70MiB/s ETA 00:00
[download] 100.0% of   24.06MiB at    5.74MiB/s ETA 00:00
[download] 100% of   24.06MiB in 00:00:04 at 4.99MiB/s   

WARNING: [youtube] No supported JavaScript runtime could be found. Only deno is enabled by default; to use another runtime add  --js-runtimes RUNTIME[:PATH]  to your command/config. YouTube extraction without a JS runtime has been deprecated, and some formats may be missing. See  https://github.com/yt-dlp/yt-dlp/wiki/EJS  for details on installing one
WARNING: The extractor specified to use impersonation for this download, but no impersonate target is available. If you encounter errors, then see  https://github.com/yt-dlp/yt-dlp#impersonation  for information on installing the required dependencies
WARNING: The extractor specified to use impersonation for this download, but no impersonate target is available. If you encounter errors, then see  https://github.com/yt-dlp/yt-dlp#impersonation  for information on installing the required dependencies
WARNING: You have requested merging of multiple formats but ffmpeg is not installed. The formats won't be merged
