source_start source_id=f01__AN_CDOTA_VIAJE_MUNDIAL_BRASIL_2014_parte_1 clips=302 try_subs=True
source_done source_id=f01__AN_CDOTA_VIAJE_MUNDIAL_BRASIL_2014_parte_1 clips=302 subtitles=True segments=1405 rows_total=302
source_start source_id=f01__AN_CDOTA_VIAJE_MUNDIAL_BRASIL_2014_parte_1 clips=302 try_subs=True
source_done source_id=f01__AN_CDOTA_VIAJE_MUNDIAL_BRASIL_2014_parte_1 clips=302 subtitles=True segments=706 rows_total=302
resume: loaded_rows=302 processed_sources=1
source_start source_id=f02__AZZARO_REACCI_N_-_CICLO_TERMINADO_RACING_EMPAT_2- clips=165 try_subs=False
source_done source_id=f02__AZZARO_REACCI_N_-_CICLO_TERMINADO_RACING_EMPAT_2- clips=165 subtitles=False segments=0 rows_total=467
source_start source_id=f03__AZZARO_REACCI_N_-_RIVER_A_LA_FINAL_LE_GAN_1-0_A clips=221 try_subs=True
source_done source_id=f03__AZZARO_REACCI_N_-_RIVER_A_LA_FINAL_LE_GAN_1-0_A clips=221 subtitles=True segments=480 rows_total=688
source_start source_id=f04__BULLRICH_DESAF_A_a_KARINA_MILEI_con_el_3_ESTA_SE clips=97 try_subs=True
source_done source_id=f04__BULLRICH_DESAF_A_a_KARINA_MILEI_con_el_3_ESTA_SE clips=97 subtitles=True segments=579 rows_total=785
source_start source_id=f05__CHARLA_SOBRE_EL_AMOR_Y_EL_DESAMOR clips=233 try_subs=True
source_done source_id=f05__CHARLA_SOBRE_EL_AMOR_Y_EL_DESAMOR clips=233 subtitles=True segments=393 rows_total=1018
source_start source_id=f06__Coronavirus_conferencia_completa_de_Alberto_Fern_n clips=184 try_subs=True
source_done source_id=f06__Coronavirus_conferencia_completa_de_Alberto_Fern_n clips=184 subtitles=True segments=105 rows_total=1202
source_start source_id=f07__DAVOO_XENEIZE_OPINA_DE_BOCA_0_UNIVERSIDAD_CATOLICA clips=937 try_subs=True
source_done source_id=f07__DAVOO_XENEIZE_OPINA_DE_BOCA_0_UNIVERSIDAD_CATOLICA clips=937 subtitles=True segments=1791 rows_total=2139
source_start source_id=f08__EL_DIA_QUE_CASI_MATO_A_MI_TIO_An_cdota_real clips=23 try_subs=True
source_done source_id=f08__EL_DIA_QUE_CASI_MATO_A_MI_TIO_An_cdota_real clips=23 subtitles=True segments=247 rows_total=2162
source_start source_id=f09__ESTOY_EN_UN_BROTE_PERDON clips=207 try_subs=True
source_done source_id=f09__ESTOY_EN_UN_BROTE_PERDON clips=207 subtitles=True segments=1087 rows_total=2369
resume: loaded_rows=2369 processed_sources=9
source_start source_id=f10__El_mensaje_de_Coscu_sobre_EL_AMOR clips=7 try_subs=False
source_done source_id=f10__El_mensaje_de_Coscu_sobre_EL_AMOR clips=7 subtitles=False segments=0 rows_total=2376
source_start source_id=f11__Entrevista_completa_por_mi_libro_Franco_con_Diego clips=295 try_subs=True
source_done source_id=f11__Entrevista_completa_por_mi_libro_Franco_con_Diego clips=295 subtitles=True segments=1553 rows_total=2671
source_start source_id=f12__GASPI_DAMIAN_KUC_LA_REINI_BOTTERO_EL_MUNDIAL_Y clips=360 try_subs=True
source_done source_id=f12__GASPI_DAMIAN_KUC_LA_REINI_BOTTERO_EL_MUNDIAL_Y clips=360 subtitles=True segments=913 rows_total=3031
source_start source_id=f13__JULI_POGGIO_EN_FERN_CON_GREGO clips=556 try_subs=True
source_done source_id=f13__JULI_POGGIO_EN_FERN_CON_GREGO clips=556 subtitles=True segments=1791 rows_total=3587
source_start source_id=f14__LA_CHABONA_X_RAMI_BILBAO_DIVAS_DIARY_ABITARE_10 clips=26 try_subs=True
source_done source_id=f14__LA_CHABONA_X_RAMI_BILBAO_DIVAS_DIARY_ABITARE_10 clips=26 subtitles=True segments=1563 rows_total=3613
source_start source_id=f15__LE_DIJE_QUE_SOY_ARGENTINO_-_Story_Time_-_CAP_91 clips=116 try_subs=True
source_done source_id=f15__LE_DIJE_QUE_SOY_ARGENTINO_-_Story_Time_-_CAP_91 clips=116 subtitles=True segments=231 rows_total=3729
source_start source_id=f16__LO_MALO_DE_EE.UU_Lucas_Spadafora clips=2 try_subs=False
source_done source_id=f16__LO_MALO_DE_EE.UU_Lucas_Spadafora clips=2 subtitles=False segments=0 rows_total=3731
source_start source_id=f17__La_PRIMERA_VEZ_que_fui_a_un_TEL0_-_ANECDOTA_Tomas clips=46 try_subs=True
source_done source_id=f17__La_PRIMERA_VEZ_que_fui_a_un_TEL0_-_ANECDOTA_Tomas clips=46 subtitles=True segments=283 rows_total=3777
source_start source_id=f18__Las_y_los_estudiantes_al_frente_-_Entrevista_a_la clips=257 try_subs=True
source_done source_id=f18__Las_y_los_estudiantes_al_frente_-_Entrevista_a_la clips=257 subtitles=True segments=357 rows_total=4034
source_start source_id=f19__Los_COCINEROS_de_TELEVISI_N_revelan_sus_SECRETOS_e clips=99 try_subs=True
source_done source_id=f19__Los_COCINEROS_de_TELEVISI_N_revelan_sus_SECRETOS_e clips=99 subtitles=True segments=462 rows_total=4133
resume: loaded_rows=4133 processed_sources=19
source_start source_id=f20__Los_lujos_de_L-Gante_y_qu_aprendi_cuando_estuvo clips=155 try_subs=True
source_done source_id=f20__Los_lujos_de_L-Gante_y_qu_aprendi_cuando_estuvo clips=155 subtitles=True segments=710 rows_total=4288
source_start source_id=f21__MAGNETTO_se_BURLA_de_ADORNI_ESTA_SEMANA_EN_SPRING clips=106 try_subs=False
source_done source_id=f21__MAGNETTO_se_BURLA_de_ADORNI_ESTA_SEMANA_EN_SPRING clips=106 subtitles=False segments=0 rows_total=4394
source_start source_id=f22__ME_ACUSARON_DE_BRUJA_Y_ME_TUVE_QUE_IR_DEL_PUEBLO_- clips=542 try_subs=True
source_done source_id=f22__ME_ACUSARON_DE_BRUJA_Y_ME_TUVE_QUE_IR_DEL_PUEBLO_- clips=542 subtitles=True segments=1195 rows_total=4936
source_start source_id=f23__ME_DEJARON_EN_LA_FRIENDZONE_EL_D_A_DEL_AMIGO clips=123 try_subs=True
source_done source_id=f23__ME_DEJARON_EN_LA_FRIENDZONE_EL_D_A_DEL_AMIGO clips=123 subtitles=True segments=245 rows_total=5059
source_start source_id=f24__ME_ROBAN_Y_CASI_ME_MATAN_StoryTime_LUCAS_CASTEL clips=40 try_subs=True
source_done source_id=f24__ME_ROBAN_Y_CASI_ME_MATAN_StoryTime_LUCAS_CASTEL clips=40 subtitles=True segments=237 rows_total=5099
source_start source_id=f25__MI_EXPERIENCIA_PARANORMAL_O_-_Preguntas_y_Respuest clips=54 try_subs=False
source_done source_id=f25__MI_EXPERIENCIA_PARANORMAL_O_-_Preguntas_y_Respuest clips=54 subtitles=False segments=0 rows_total=5153
source_start source_id=f26__MI_PRIMER_AMOR_-_Storytime clips=153 try_subs=True
source_done source_id=f26__MI_PRIMER_AMOR_-_Storytime clips=153 subtitles=True segments=276 rows_total=5306
source_start source_id=f27__MICA_SUAREZ_KEVSHO_LULI_GONZALEZ_JAMES_CHARLES clips=331 try_subs=True
source_done source_id=f27__MICA_SUAREZ_KEVSHO_LULI_GONZALEZ_JAMES_CHARLES clips=331 subtitles=True segments=1118 rows_total=5637
source_start source_id=f28__MILITANDO_el_AJUSTE_ESTA_SEMANA_EN_SPRINGFIELD_co clips=223 try_subs=False
source_done source_id=f28__MILITANDO_el_AJUSTE_ESTA_SEMANA_EN_SPRINGFIELD_co clips=223 subtitles=False segments=0 rows_total=5860
source_start source_id=f29__Manipulaci_n_mental_C_mo_tu_CEREBRO_literalmente_c clips=291 try_subs=False
source_done source_id=f29__Manipulaci_n_mental_C_mo_tu_CEREBRO_literalmente_c clips=291 subtitles=False segments=0 rows_total=6151
resume: loaded_rows=6151 processed_sources=29
source_start source_id=f30__Me_dejaron_PELADA_ah_abajo_-_Storytime clips=153 try_subs=True
source_done source_id=f30__Me_dejaron_PELADA_ah_abajo_-_Storytime clips=153 subtitles=True segments=316 rows_total=6304
source_start source_id=f31__Me_estafaron clips=87 try_subs=False
source_done source_id=f31__Me_estafaron clips=87 subtitles=False segments=0 rows_total=6391
source_start source_id=f32__POR_ESTO_ME_FUI_DE_LAS_REDES. clips=45 try_subs=True
source_done source_id=f32__POR_ESTO_ME_FUI_DE_LAS_REDES. clips=45 subtitles=True segments=283 rows_total=6436
source_start source_id=f33__POR_QUE_EMPECE_EN_YOUTUBE_Lucas_Spadafora clips=49 try_subs=False
source_done source_id=f33__POR_QUE_EMPECE_EN_YOUTUBE_Lucas_Spadafora clips=49 subtitles=False segments=0 rows_total=6485
source_start source_id=f34__PRIMERA_VEZ_que_me_ROBARON_AN_CDOTA clips=48 try_subs=True
source_done source_id=f34__PRIMERA_VEZ_que_me_ROBARON_AN_CDOTA clips=48 subtitles=True segments=256 rows_total=6533
source_start source_id=f35__PROFESIONES_ARGENTINAS_DIRECTORES_de_CASTING_-_Tel clips=87 try_subs=True
source_done source_id=f35__PROFESIONES_ARGENTINAS_DIRECTORES_de_CASTING_-_Tel clips=87 subtitles=True segments=333 rows_total=6620
source_start source_id=f36__PROFESIONES_ARGENTINAS_FARMAC_UTICOS_-_Telefe_Noti clips=80 try_subs=True
source_done source_id=f36__PROFESIONES_ARGENTINAS_FARMAC_UTICOS_-_Telefe_Noti clips=80 subtitles=True segments=322 rows_total=6700
source_start source_id=f37__PROFESIONES_ARGENTINAS_GINEC_LOGOS_-_Telefe_Notici clips=68 try_subs=True
source_done source_id=f37__PROFESIONES_ARGENTINAS_GINEC_LOGOS_-_Telefe_Notici clips=68 subtitles=True segments=289 rows_total=6768
source_start source_id=f38__PROFESIONES_ARGENTINAS_GOMEROS_-_Telefe_Noticias clips=55 try_subs=True
source_done source_id=f38__PROFESIONES_ARGENTINAS_GOMEROS_-_Telefe_Noticias clips=55 subtitles=True segments=195 rows_total=6823
source_start source_id=f39__PROFESIONES_ARGENTINAS_GUARDAESPALDAS_-_Telefe_Not clips=83 try_subs=True
source_done source_id=f39__PROFESIONES_ARGENTINAS_GUARDAESPALDAS_-_Telefe_Not clips=83 subtitles=True segments=297 rows_total=6906
source_start source_id=f40__PROFESIONES_ARGENTINAS_KINESI_LOGOS_-_Telefe_Notic clips=62 try_subs=True
source_done source_id=f40__PROFESIONES_ARGENTINAS_KINESI_LOGOS_-_Telefe_Notic clips=62 subtitles=True segments=250 rows_total=6968
source_start source_id=f41__PROFESIONES_ARGENTINAS_Los_SECRETOS_de_los_TAXIS clips=73 try_subs=False
source_done source_id=f41__PROFESIONES_ARGENTINAS_Los_SECRETOS_de_los_TAXIS clips=73 subtitles=False segments=0 rows_total=7041
resume: loaded_rows=7041 processed_sources=41
source_start source_id=f42__Por_qu_ya_no_podemos_conversar_y_c_mo_aprender_a clips=373 try_subs=True
source_done source_id=f42__Por_qu_ya_no_podemos_conversar_y_c_mo_aprender_a clips=373 subtitles=True segments=977 rows_total=7414
source_start source_id=f43__Profesiones_Argentinas_DUE_OS_de_SALONES_de_FIESTA clips=86 try_subs=True
source_done source_id=f43__Profesiones_Argentinas_DUE_OS_de_SALONES_de_FIESTA clips=86 subtitles=True segments=279 rows_total=7500
source_start source_id=f44__Profesiones_Argentinas_EMPLEADOS_de_PANADER_AS_-_T clips=73 try_subs=False
source_done source_id=f44__Profesiones_Argentinas_EMPLEADOS_de_PANADER_AS_-_T clips=73 subtitles=False segments=0 rows_total=7573
source_start source_id=f45__Profesiones_Argentinas_ENCARGADOS_de_CATERING_Tel clips=56 try_subs=False
source_done source_id=f45__Profesiones_Argentinas_ENCARGADOS_de_CATERING_Tel clips=56 subtitles=False segments=0 rows_total=7629
source_start source_id=f46__Profesiones_Argentinas_PERIODISTAS_DEPORTIVOS_-_Te clips=90 try_subs=False
source_done source_id=f46__Profesiones_Argentinas_PERIODISTAS_DEPORTIVOS_-_Te clips=90 subtitles=False segments=0 rows_total=7719
source_start source_id=f47__Profesiones_argentinas_GASTROENTER_LOGOS_TelefeNo clips=75 try_subs=False
source_done source_id=f47__Profesiones_argentinas_GASTROENTER_LOGOS_TelefeNo clips=75 subtitles=False segments=0 rows_total=7794
source_start source_id=f48__RESPONDO_TODO clips=158 try_subs=False
source_done source_id=f48__RESPONDO_TODO clips=158 subtitles=False segments=0 rows_total=7952
source_start source_id=f49__RIVER_GAN_SUFRIENDO_VS_CIUDAD_DE_BOLIVAR_ALIVI clips=199 try_subs=True
source_done source_id=f49__RIVER_GAN_SUFRIENDO_VS_CIUDAD_DE_BOLIVAR_ALIVI clips=199 subtitles=True segments=479 rows_total=8151
source_start source_id=f50__STORYTIME_3_Me_armo_unos_MATES_y_cuento_mi_PRIM clips=76 try_subs=False
source_done source_id=f50__STORYTIME_3_Me_armo_unos_MATES_y_cuento_mi_PRIM clips=76 subtitles=False segments=0 rows_total=8227
source_start source_id=f51__Salt_del_balcon_-_storytime clips=60 try_subs=True
source_done source_id=f51__Salt_del_balcon_-_storytime clips=60 subtitles=True segments=215 rows_total=8287
source_start source_id=f52__Storytime_Cuando_perd_dos_amigos_por_polleras_J clips=48 try_subs=False
source_done source_id=f52__Storytime_Cuando_perd_dos_amigos_por_polleras_J clips=48 subtitles=False segments=0 rows_total=8335
source_start source_id=f53__TODO_el_COLEGIO_me_HAC_A_BULLYING..._StoryTime_C clips=180 try_subs=True
source_done source_id=f53__TODO_el_COLEGIO_me_HAC_A_BULLYING..._StoryTime_C clips=180 subtitles=True segments=750 rows_total=8515
source_start source_id=f54__TODOS_ODIAMOS_A_MILEI_PAULA_CHAVEZ_ESTA_PODRIDA clips=184 try_subs=False
source_done source_id=f54__TODOS_ODIAMOS_A_MILEI_PAULA_CHAVEZ_ESTA_PODRIDA clips=184 subtitles=False segments=0 rows_total=8699
source_start source_id=f55__Tengo_30_Esto_LE_DIRIA_A_MI_YO_DE_20 clips=56 try_subs=True
source_done source_id=f55__Tengo_30_Esto_LE_DIRIA_A_MI_YO_DE_20 clips=56 subtitles=True segments=352 rows_total=8755
source_start source_id=f56__grwm_para_los_premios_idolo clips=38 try_subs=True
source_done source_id=f56__grwm_para_los_premios_idolo clips=38 subtitles=True segments=298 rows_total=8793
source_start source_id=f57__me_DETONE_a_una_COMPA_ERA_de_la_FACULTAD_en_el_BA clips=115 try_subs=True
source_done source_id=f57__me_DETONE_a_una_COMPA_ERA_de_la_FACULTAD_en_el_BA clips=115 subtitles=True segments=501 rows_total=8908
source_start source_id=f58__me_pusieron_1_tampon clips=73 try_subs=True
source_done source_id=f58__me_pusieron_1_tampon clips=73 subtitles=True segments=383 rows_total=8981
source_start source_id=f59__mi_primera_tapa_de_revista_gente clips=48 try_subs=False
source_done source_id=f59__mi_primera_tapa_de_revista_gente clips=48 subtitles=False segments=0 rows_total=9029
source_start source_id=f60__que_pas_con_Roberto clips=104 try_subs=True
source_done source_id=f60__que_pas_con_Roberto clips=104 subtitles=True segments=503 rows_total=9133
source_start source_id=f61___POR_QU_MI_NOVIA_ME_DEJ_LUCAS_CASTEL clips=58 try_subs=True
source_done source_id=f61___POR_QU_MI_NOVIA_ME_DEJ_LUCAS_CASTEL clips=58 subtitles=True segments=216 rows_total=9191
