[youtube] Extracting URL: https://www.youtube.com/watch?v=yJxDKBgw5NU
[youtube] yJxDKBgw5NU: Downloading webpage
[youtube] yJxDKBgw5NU: Downloading android vr player API JSON
[info] yJxDKBgw5NU: Downloading subtitles: es, es-orig
[info] yJxDKBgw5NU: Downloading 1 format(s): 136+251
Deleting existing file C:\Users\bianc\NLP Natural Language Processing\labios-argentos\data_release\local_sources\argentina_new_discovery\yJxDKBgw5NU\yJxDKBgw5NU.es.vtt
[info] Writing video subtitles to: C:\Users\bianc\NLP Natural Language Processing\labios-argentos\data_release\local_sources\argentina_new_discovery\yJxDKBgw5NU\yJxDKBgw5NU.es.vtt
[download] Destination: C:\Users\bianc\NLP Natural Language Processing\labios-argentos\data_release\local_sources\argentina_new_discovery\yJxDKBgw5NU\yJxDKBgw5NU.es.vtt

[download]    1.00KiB at  495.08KiB/s (00:00:00)
[download]    3.00KiB at  989.92KiB/s (00:00:00)
[download]    7.00KiB at    2.26MiB/s (00:00:00)
[download]   15.00KiB at    4.83MiB/s (00:00:00)
[download]   31.00KiB at    9.99MiB/s (00:00:00)
[download]   63.00KiB at   20.30MiB/s (00:00:00)
[download]  127.00KiB at    3.79MiB/s (00:00:00)
[download]  200.93KiB at    4.47MiB/s (00:00:00)
[download] 100% of  200.93KiB in 00:00:00 at 1.25MiB/s
Deleting existing file C:\Users\bianc\NLP Natural Language Processing\labios-argentos\data_release\local_sources\argentina_new_discovery\yJxDKBgw5NU\yJxDKBgw5NU.es-orig.vtt
[info] Writing video subtitles to: C:\Users\bianc\NLP Natural Language Processing\labios-argentos\data_release\local_sources\argentina_new_discovery\yJxDKBgw5NU\yJxDKBgw5NU.es-orig.vtt
[download] Destination: C:\Users\bianc\NLP Natural Language Processing\labios-argentos\data_release\local_sources\argentina_new_discovery\yJxDKBgw5NU\yJxDKBgw5NU.es-orig.vtt

[download]    1.00KiB at  Unknown B/s (00:00:00)
[download]    3.00KiB at  Unknown B/s (00:00:00)
[download]    7.00KiB at  Unknown B/s (00:00:00)
[download]   15.00KiB at  Unknown B/s (00:00:00)
[download]   31.00KiB at    7.13MiB/s (00:00:00)
[download]   63.00KiB at   14.49MiB/s (00:00:00)
[download]  127.00KiB at    3.81MiB/s (00:00:00)
[download]  200.93KiB at    5.67MiB/s (00:00:00)
[download] 100% of  200.93KiB in 00:00:00 at 1.93MiB/s
[info] Writing video metadata as JSON to: C:\Users\bianc\NLP Natural Language Processing\labios-argentos\data_release\local_sources\argentina_new_discovery\yJxDKBgw5NU\yJxDKBgw5NU.info.json
[SubtitlesConvertor] Converting subtitles
[SubtitlesConvertor] Subtitle file for vtt is already in the requested format
[SubtitlesConvertor] Subtitle file for vtt is already in the requested format
[download] Resuming download at byte 168030254

WARNING: [youtube] No supported JavaScript runtime could be found. Only deno is enabled by default; to use another runtime add  --js-runtimes RUNTIME[:PATH]  to your command/config. YouTube extraction without a JS runtime has been deprecated, and some formats may be missing. See  https://github.com/yt-dlp/yt-dlp/wiki/EJS  for details on installing one
WARNING: The extractor specified to use impersonation for this download, but no impersonate target is available. If you encounter errors, then see  https://github.com/yt-dlp/yt-dlp#impersonation  for information on installing the required dependencies
WARNING: The extractor specified to use impersonation for this download, but no impersonate target is available. If you encounter errors, then see  https://github.com/yt-dlp/yt-dlp#impersonation  for information on installing the required dependencies
WARNING: You have requested merging of multiple formats but ffmpeg is not installed. The formats won't be merged
ERROR: unable to download video data: HTTP Error 416: Requested range not satisfiable
