[youtube] Extracting URL: https://www.youtube.com/watch?v=j4x2GC1Ztro
[youtube] j4x2GC1Ztro: Downloading webpage
[youtube] j4x2GC1Ztro: Downloading android vr player API JSON
[info] j4x2GC1Ztro: Downloading subtitles: es, es-orig
[info] j4x2GC1Ztro: Downloading 1 format(s): 398+251
Deleting existing file C:\Users\bianc\NLP Natural Language Processing\labios-argentos\data_release\local_sources\argentina_new_discovery\j4x2GC1Ztro\j4x2GC1Ztro.es.vtt
[info] Writing video subtitles to: C:\Users\bianc\NLP Natural Language Processing\labios-argentos\data_release\local_sources\argentina_new_discovery\j4x2GC1Ztro\j4x2GC1Ztro.es.vtt
[download] Destination: C:\Users\bianc\NLP Natural Language Processing\labios-argentos\data_release\local_sources\argentina_new_discovery\j4x2GC1Ztro\j4x2GC1Ztro.es.vtt

[download]    1.00KiB at  Unknown B/s (00:00:00)
[download]    3.00KiB at  Unknown B/s (00:00:00)
[download]    7.00KiB at  Unknown B/s (00:00:00)
[download]   15.00KiB at  Unknown B/s (00:00:00)
[download]   31.00KiB at    1.73MiB/s (00:00:00)
[download]   63.00KiB at    2.31MiB/s (00:00:00)
[download]  127.00KiB at    2.57MiB/s (00:00:00)
[download]  255.00KiB at    3.93MiB/s (00:00:00)
[download]  511.00KiB at    3.33MiB/s (00:00:00)
[download]  589.99KiB at    3.11MiB/s (00:00:00)
[download] 100% of  589.99KiB in 00:00:00 at 1.94MiB/s
Deleting existing file C:\Users\bianc\NLP Natural Language Processing\labios-argentos\data_release\local_sources\argentina_new_discovery\j4x2GC1Ztro\j4x2GC1Ztro.es-orig.vtt
[info] Writing video subtitles to: C:\Users\bianc\NLP Natural Language Processing\labios-argentos\data_release\local_sources\argentina_new_discovery\j4x2GC1Ztro\j4x2GC1Ztro.es-orig.vtt
[download] Destination: C:\Users\bianc\NLP Natural Language Processing\labios-argentos\data_release\local_sources\argentina_new_discovery\j4x2GC1Ztro\j4x2GC1Ztro.es-orig.vtt

[download]    1.00KiB at  Unknown B/s (00:00:00)
[download]    3.00KiB at  Unknown B/s (00:00:00)
[download]    7.00KiB at  Unknown B/s (00:00:00)
[download]   15.00KiB at    1.06MiB/s (00:00:00)
[download]   31.00KiB at    1.81MiB/s (00:00:00)
[download]   63.00KiB at    3.59MiB/s (00:00:00)
[download]  127.00KiB at    2.39MiB/s (00:00:00)
[download]  255.00KiB at    2.51MiB/s (00:00:00)
[download]  511.00KiB at    2.99MiB/s (00:00:00)
[download]  589.99KiB at    2.88MiB/s (00:00:00)
[download] 100% of  589.99KiB in 00:00:00 at 1.92MiB/s
[info] Writing video metadata as JSON to: C:\Users\bianc\NLP Natural Language Processing\labios-argentos\data_release\local_sources\argentina_new_discovery\j4x2GC1Ztro\j4x2GC1Ztro.info.json
[SubtitlesConvertor] Converting subtitles
[SubtitlesConvertor] Subtitle file for vtt is already in the requested format
[SubtitlesConvertor] Subtitle file for vtt is already in the requested format
[download] Resuming download at byte 331336879

WARNING: [youtube] No supported JavaScript runtime could be found. Only deno is enabled by default; to use another runtime add  --js-runtimes RUNTIME[:PATH]  to your command/config. YouTube extraction without a JS runtime has been deprecated, and some formats may be missing. See  https://github.com/yt-dlp/yt-dlp/wiki/EJS  for details on installing one
WARNING: The extractor specified to use impersonation for this download, but no impersonate target is available. If you encounter errors, then see  https://github.com/yt-dlp/yt-dlp#impersonation  for information on installing the required dependencies
WARNING: The extractor specified to use impersonation for this download, but no impersonate target is available. If you encounter errors, then see  https://github.com/yt-dlp/yt-dlp#impersonation  for information on installing the required dependencies
WARNING: You have requested merging of multiple formats but ffmpeg is not installed. The formats won't be merged
ERROR: unable to download video data: HTTP Error 416: Requested range not satisfiable
