[youtube] Extracting URL: https://www.youtube.com/watch?v=Z-t-GNlxpYc
[youtube] Z-t-GNlxpYc: Downloading webpage
[youtube] Z-t-GNlxpYc: Downloading android vr player API JSON
[info] Z-t-GNlxpYc: Downloading subtitles: es, es-orig
[info] Z-t-GNlxpYc: Downloading 1 format(s): 398+251
Deleting existing file C:\Users\bianc\NLP Natural Language Processing\labios-argentos\data_release\local_sources\argentina_new_discovery\Z-t-GNlxpYc\Z-t-GNlxpYc.es.vtt
[info] Writing video subtitles to: C:\Users\bianc\NLP Natural Language Processing\labios-argentos\data_release\local_sources\argentina_new_discovery\Z-t-GNlxpYc\Z-t-GNlxpYc.es.vtt
[download] Destination: C:\Users\bianc\NLP Natural Language Processing\labios-argentos\data_release\local_sources\argentina_new_discovery\Z-t-GNlxpYc\Z-t-GNlxpYc.es.vtt

[download]    1.00KiB at  Unknown B/s (00:00:00)
[download]    3.00KiB at  Unknown B/s (00:00:00)
[download]    7.00KiB at  Unknown B/s (00:00:00)
[download]   15.00KiB at  Unknown B/s (00:00:00)
[download]   31.00KiB at    2.87MiB/s (00:00:00)
[download]   63.00KiB at    4.45MiB/s (00:00:00)
[download]  127.00KiB at    4.04MiB/s (00:00:00)
[download]  255.00KiB at    4.12MiB/s (00:00:00)
[download]  511.00KiB at    5.15MiB/s (00:00:00)
[download]  655.14KiB at    4.91MiB/s (00:00:00)
[download] 100% of  655.14KiB in 00:00:00 at 2.40MiB/s
Deleting existing file C:\Users\bianc\NLP Natural Language Processing\labios-argentos\data_release\local_sources\argentina_new_discovery\Z-t-GNlxpYc\Z-t-GNlxpYc.es-orig.vtt
[info] Writing video subtitles to: C:\Users\bianc\NLP Natural Language Processing\labios-argentos\data_release\local_sources\argentina_new_discovery\Z-t-GNlxpYc\Z-t-GNlxpYc.es-orig.vtt
[download] Destination: C:\Users\bianc\NLP Natural Language Processing\labios-argentos\data_release\local_sources\argentina_new_discovery\Z-t-GNlxpYc\Z-t-GNlxpYc.es-orig.vtt

[download]    1.00KiB at   64.18KiB/s (00:00:00)
[download]    3.00KiB at  179.94KiB/s (00:00:00)
[download]    7.00KiB at  419.87KiB/s (00:00:00)
[download]   15.00KiB at  739.42KiB/s (00:00:00)
[download]   31.00KiB at    1.49MiB/s (00:00:00)
[download]   63.00KiB at    3.03MiB/s (00:00:00)
[download]  127.00KiB at    3.46MiB/s (00:00:00)
[download]  255.00KiB at    4.72MiB/s (00:00:00)
[download]  511.00KiB at    4.92MiB/s (00:00:00)
[download]  655.14KiB at    4.26MiB/s (00:00:00)
[download] 100% of  655.14KiB in 00:00:00 at 2.65MiB/s
[info] Writing video metadata as JSON to: C:\Users\bianc\NLP Natural Language Processing\labios-argentos\data_release\local_sources\argentina_new_discovery\Z-t-GNlxpYc\Z-t-GNlxpYc.info.json
[SubtitlesConvertor] Converting subtitles
[SubtitlesConvertor] Subtitle file for vtt is already in the requested format
[SubtitlesConvertor] Subtitle file for vtt is already in the requested format
[download] Resuming download at byte 142411894

WARNING: [youtube] No supported JavaScript runtime could be found. Only deno is enabled by default; to use another runtime add  --js-runtimes RUNTIME[:PATH]  to your command/config. YouTube extraction without a JS runtime has been deprecated, and some formats may be missing. See  https://github.com/yt-dlp/yt-dlp/wiki/EJS  for details on installing one
WARNING: The extractor specified to use impersonation for this download, but no impersonate target is available. If you encounter errors, then see  https://github.com/yt-dlp/yt-dlp#impersonation  for information on installing the required dependencies
WARNING: The extractor specified to use impersonation for this download, but no impersonate target is available. If you encounter errors, then see  https://github.com/yt-dlp/yt-dlp#impersonation  for information on installing the required dependencies
WARNING: You have requested merging of multiple formats but ffmpeg is not installed. The formats won't be merged
ERROR: unable to download video data: HTTP Error 416: Requested range not satisfiable
