[youtube] Extracting URL: https://www.youtube.com/watch?v=eqw0QM4A0oA
[youtube] eqw0QM4A0oA: Downloading webpage
[youtube] eqw0QM4A0oA: Downloading android vr player API JSON
[info] eqw0QM4A0oA: Downloading subtitles: es, es-orig
[info] eqw0QM4A0oA: Downloading 1 format(s): 136+251
Deleting existing file C:\Users\bianc\NLP Natural Language Processing\labios-argentos\data_release\local_sources\argentina_new_discovery\eqw0QM4A0oA\eqw0QM4A0oA.es.vtt
[info] Writing video subtitles to: C:\Users\bianc\NLP Natural Language Processing\labios-argentos\data_release\local_sources\argentina_new_discovery\eqw0QM4A0oA\eqw0QM4A0oA.es.vtt
[download] Destination: C:\Users\bianc\NLP Natural Language Processing\labios-argentos\data_release\local_sources\argentina_new_discovery\eqw0QM4A0oA\eqw0QM4A0oA.es.vtt

[download]    1.00KiB at  Unknown B/s (00:00:00)
[download]    3.00KiB at    1.30MiB/s (00:00:00)
[download]    7.00KiB at    3.02MiB/s (00:00:00)
[download]   15.00KiB at    6.48MiB/s (00:00:00)
[download]   31.00KiB at   13.39MiB/s (00:00:00)
[download]   63.00KiB at   27.21MiB/s (00:00:00)
[download]  127.00KiB at    3.59MiB/s (00:00:00)
[download]  255.00KiB at    3.71MiB/s (00:00:00)
[download]  398.31KiB at    3.97MiB/s (00:00:00)
[download] 100% of  398.31KiB in 00:00:00 at 1.02MiB/s
Deleting existing file C:\Users\bianc\NLP Natural Language Processing\labios-argentos\data_release\local_sources\argentina_new_discovery\eqw0QM4A0oA\eqw0QM4A0oA.es-orig.vtt
[info] Writing video subtitles to: C:\Users\bianc\NLP Natural Language Processing\labios-argentos\data_release\local_sources\argentina_new_discovery\eqw0QM4A0oA\eqw0QM4A0oA.es-orig.vtt
[download] Destination: C:\Users\bianc\NLP Natural Language Processing\labios-argentos\data_release\local_sources\argentina_new_discovery\eqw0QM4A0oA\eqw0QM4A0oA.es-orig.vtt

[download]    1.00KiB at  Unknown B/s (00:00:00)
[download]    3.00KiB at  269.77KiB/s (00:00:00)
[download]    7.00KiB at  629.46KiB/s (00:00:00)
[download]   15.00KiB at    1.17MiB/s (00:00:00)
[download]   31.00KiB at    1.94MiB/s (00:00:00)
[download]   63.00KiB at    3.93MiB/s (00:00:00)
[download]  127.00KiB at    4.21MiB/s (00:00:00)
[download]  255.00KiB at    4.99MiB/s (00:00:00)
[download]  398.31KiB at    4.80MiB/s (00:00:00)
[download] 100% of  398.31KiB in 00:00:00 at 1.94MiB/s
[info] Writing video metadata as JSON to: C:\Users\bianc\NLP Natural Language Processing\labios-argentos\data_release\local_sources\argentina_new_discovery\eqw0QM4A0oA\eqw0QM4A0oA.info.json
[SubtitlesConvertor] Converting subtitles
[SubtitlesConvertor] Subtitle file for vtt is already in the requested format
[SubtitlesConvertor] Subtitle file for vtt is already in the requested format
[download] Resuming download at byte 459623496

WARNING: [youtube] No supported JavaScript runtime could be found. Only deno is enabled by default; to use another runtime add  --js-runtimes RUNTIME[:PATH]  to your command/config. YouTube extraction without a JS runtime has been deprecated, and some formats may be missing. See  https://github.com/yt-dlp/yt-dlp/wiki/EJS  for details on installing one
WARNING: The extractor specified to use impersonation for this download, but no impersonate target is available. If you encounter errors, then see  https://github.com/yt-dlp/yt-dlp#impersonation  for information on installing the required dependencies
WARNING: The extractor specified to use impersonation for this download, but no impersonate target is available. If you encounter errors, then see  https://github.com/yt-dlp/yt-dlp#impersonation  for information on installing the required dependencies
WARNING: You have requested merging of multiple formats but ffmpeg is not installed. The formats won't be merged
ERROR: unable to download video data: HTTP Error 416: Requested range not satisfiable
