[youtube] Extracting URL: https://www.youtube.com/watch?v=EuSM3LscaWI
[youtube] EuSM3LscaWI: Downloading webpage
[youtube] EuSM3LscaWI: Downloading android vr player API JSON
[info] EuSM3LscaWI: Downloading subtitles: es, es-orig
[info] EuSM3LscaWI: Downloading 1 format(s): 398+251
Deleting existing file C:\Users\bianc\NLP Natural Language Processing\labios-argentos\data_release\local_sources\argentina_new_discovery\EuSM3LscaWI\EuSM3LscaWI.es.vtt
[info] Writing video subtitles to: C:\Users\bianc\NLP Natural Language Processing\labios-argentos\data_release\local_sources\argentina_new_discovery\EuSM3LscaWI\EuSM3LscaWI.es.vtt
[download] Destination: C:\Users\bianc\NLP Natural Language Processing\labios-argentos\data_release\local_sources\argentina_new_discovery\EuSM3LscaWI\EuSM3LscaWI.es.vtt

[download]    1.00KiB at  Unknown B/s (00:00:00)
[download]    3.00KiB at    1.47MiB/s (00:00:00)
[download]    7.00KiB at    3.43MiB/s (00:00:00)
[download]   15.00KiB at    2.84MiB/s (00:00:00)
[download]   31.00KiB at    5.87MiB/s (00:00:00)
[download]   63.00KiB at    6.01MiB/s (00:00:00)
[download]  127.00KiB at    4.01MiB/s (00:00:00)
[download]  255.00KiB at    4.93MiB/s (00:00:00)
[download]  490.19KiB at    4.92MiB/s (00:00:00)
[download] 100% of  490.19KiB in 00:00:00 at 2.26MiB/s
Deleting existing file C:\Users\bianc\NLP Natural Language Processing\labios-argentos\data_release\local_sources\argentina_new_discovery\EuSM3LscaWI\EuSM3LscaWI.es-orig.vtt
[info] Writing video subtitles to: C:\Users\bianc\NLP Natural Language Processing\labios-argentos\data_release\local_sources\argentina_new_discovery\EuSM3LscaWI\EuSM3LscaWI.es-orig.vtt
[download] Destination: C:\Users\bianc\NLP Natural Language Processing\labios-argentos\data_release\local_sources\argentina_new_discovery\EuSM3LscaWI\EuSM3LscaWI.es-orig.vtt

[download]    1.00KiB at  454.47KiB/s (00:00:00)
[download]    3.00KiB at  942.68KiB/s (00:00:00)
[download]    7.00KiB at    1.80MiB/s (00:00:00)
[download]   15.00KiB at    3.86MiB/s (00:00:00)
[download]   31.00KiB at    7.97MiB/s (00:00:00)
[download]   63.00KiB at   16.20MiB/s (00:00:00)
[download]  127.00KiB at    5.89MiB/s (00:00:00)
[download]  255.00KiB at    4.83MiB/s (00:00:00)
[download]  490.19KiB at    4.95MiB/s (00:00:00)
[download] 100% of  490.19KiB in 00:00:00 at 2.46MiB/s
[info] Writing video metadata as JSON to: C:\Users\bianc\NLP Natural Language Processing\labios-argentos\data_release\local_sources\argentina_new_discovery\EuSM3LscaWI\EuSM3LscaWI.info.json
[SubtitlesConvertor] Converting subtitles
[SubtitlesConvertor] Subtitle file for vtt is already in the requested format
[SubtitlesConvertor] Subtitle file for vtt is already in the requested format
[download] Resuming download at byte 106990595

WARNING: [youtube] No supported JavaScript runtime could be found. Only deno is enabled by default; to use another runtime add  --js-runtimes RUNTIME[:PATH]  to your command/config. YouTube extraction without a JS runtime has been deprecated, and some formats may be missing. See  https://github.com/yt-dlp/yt-dlp/wiki/EJS  for details on installing one
WARNING: The extractor specified to use impersonation for this download, but no impersonate target is available. If you encounter errors, then see  https://github.com/yt-dlp/yt-dlp#impersonation  for information on installing the required dependencies
WARNING: The extractor specified to use impersonation for this download, but no impersonate target is available. If you encounter errors, then see  https://github.com/yt-dlp/yt-dlp#impersonation  for information on installing the required dependencies
WARNING: You have requested merging of multiple formats but ffmpeg is not installed. The formats won't be merged
ERROR: unable to download video data: HTTP Error 416: Requested range not satisfiable
