[youtube] Extracting URL: https://www.youtube.com/watch?v=jgp8WZvtkWU
[youtube] jgp8WZvtkWU: Downloading webpage
[youtube] jgp8WZvtkWU: Downloading android vr player API JSON
[info] jgp8WZvtkWU: Downloading subtitles: es, es-orig
[info] jgp8WZvtkWU: Downloading 1 format(s): 398+251
Deleting existing file C:\Users\bianc\NLP Natural Language Processing\labios-argentos\data_release\local_sources\argentina_new_discovery\jgp8WZvtkWU\jgp8WZvtkWU.es.vtt
[info] Writing video subtitles to: C:\Users\bianc\NLP Natural Language Processing\labios-argentos\data_release\local_sources\argentina_new_discovery\jgp8WZvtkWU\jgp8WZvtkWU.es.vtt
[download] Destination: C:\Users\bianc\NLP Natural Language Processing\labios-argentos\data_release\local_sources\argentina_new_discovery\jgp8WZvtkWU\jgp8WZvtkWU.es.vtt

[download]    1.00KiB at  986.66KiB/s (00:00:00)
[download]    3.00KiB at    2.89MiB/s (00:00:00)
[download]    7.00KiB at    2.89MiB/s (00:00:00)
[download]   15.00KiB at    6.18MiB/s (00:00:00)
[download]   31.00KiB at    5.31MiB/s (00:00:00)
[download]   63.00KiB at    7.09MiB/s (00:00:00)
[download]  127.00KiB at    4.87MiB/s (00:00:00)
[download]  255.00KiB at    5.57MiB/s (00:00:00)
[download]  511.00KiB at    5.27MiB/s (00:00:00)
[download]  779.76KiB at    5.20MiB/s (00:00:00)
[download] 100% of  779.76KiB in 00:00:00 at 2.53MiB/s
Deleting existing file C:\Users\bianc\NLP Natural Language Processing\labios-argentos\data_release\local_sources\argentina_new_discovery\jgp8WZvtkWU\jgp8WZvtkWU.es-orig.vtt
[info] Writing video subtitles to: C:\Users\bianc\NLP Natural Language Processing\labios-argentos\data_release\local_sources\argentina_new_discovery\jgp8WZvtkWU\jgp8WZvtkWU.es-orig.vtt
[download] Destination: C:\Users\bianc\NLP Natural Language Processing\labios-argentos\data_release\local_sources\argentina_new_discovery\jgp8WZvtkWU\jgp8WZvtkWU.es-orig.vtt

[download]    1.00KiB at   72.54KiB/s (00:00:00)
[download]    3.00KiB at  217.61KiB/s (00:00:00)
[download]    7.00KiB at  422.48KiB/s (00:00:00)
[download]   15.00KiB at  905.31KiB/s (00:00:00)
[download]   31.00KiB at    1.83MiB/s (00:00:00)
[download]   63.00KiB at    3.71MiB/s (00:00:00)
[download]  127.00KiB at    4.13MiB/s (00:00:00)
[download]  255.00KiB at    3.63MiB/s (00:00:00)
[download]  511.00KiB at    5.14MiB/s (00:00:00)
[download]  779.76KiB at    5.21MiB/s (00:00:00)
[download] 100% of  779.76KiB in 00:00:00 at 3.04MiB/s
[info] Writing video metadata as JSON to: C:\Users\bianc\NLP Natural Language Processing\labios-argentos\data_release\local_sources\argentina_new_discovery\jgp8WZvtkWU\jgp8WZvtkWU.info.json
[SubtitlesConvertor] Converting subtitles
[SubtitlesConvertor] Subtitle file for vtt is already in the requested format
[SubtitlesConvertor] Subtitle file for vtt is already in the requested format
[download] Resuming download at byte 286789520

WARNING: [youtube] No supported JavaScript runtime could be found. Only deno is enabled by default; to use another runtime add  --js-runtimes RUNTIME[:PATH]  to your command/config. YouTube extraction without a JS runtime has been deprecated, and some formats may be missing. See  https://github.com/yt-dlp/yt-dlp/wiki/EJS  for details on installing one
WARNING: The extractor specified to use impersonation for this download, but no impersonate target is available. If you encounter errors, then see  https://github.com/yt-dlp/yt-dlp#impersonation  for information on installing the required dependencies
WARNING: The extractor specified to use impersonation for this download, but no impersonate target is available. If you encounter errors, then see  https://github.com/yt-dlp/yt-dlp#impersonation  for information on installing the required dependencies
WARNING: You have requested merging of multiple formats but ffmpeg is not installed. The formats won't be merged
ERROR: unable to download video data: HTTP Error 416: Requested range not satisfiable
