[youtube] Extracting URL: https://www.youtube.com/watch?v=h3HtBhArO1Q
[youtube] h3HtBhArO1Q: Downloading webpage
[youtube] h3HtBhArO1Q: Downloading android vr player API JSON
[info] h3HtBhArO1Q: Downloading subtitles: es, es-orig
[info] h3HtBhArO1Q: Downloading 1 format(s): 398+251
Deleting existing file C:\Users\bianc\NLP Natural Language Processing\labios-argentos\data_release\local_sources\argentina_new_discovery\h3HtBhArO1Q\h3HtBhArO1Q.es.vtt
[info] Writing video subtitles to: C:\Users\bianc\NLP Natural Language Processing\labios-argentos\data_release\local_sources\argentina_new_discovery\h3HtBhArO1Q\h3HtBhArO1Q.es.vtt
[download] Destination: C:\Users\bianc\NLP Natural Language Processing\labios-argentos\data_release\local_sources\argentina_new_discovery\h3HtBhArO1Q\h3HtBhArO1Q.es.vtt

[download]    1.00KiB at  Unknown B/s (00:00:00)
[download]    3.00KiB at  Unknown B/s (00:00:00)
[download]    7.00KiB at  Unknown B/s (00:00:00)
[download]   15.00KiB at  Unknown B/s (00:00:00)
[download]   31.00KiB at    4.48MiB/s (00:00:00)
[download]   63.00KiB at    5.91MiB/s (00:00:00)
[download]  127.00KiB at    6.07MiB/s (00:00:00)
[download]  255.00KiB at    5.52MiB/s (00:00:00)
[download]  511.00KiB at    3.91MiB/s (00:00:00)
[download] 1023.00KiB at    4.28MiB/s (00:00:00)
[download]    1.32MiB at    4.46MiB/s (00:00:00)
[download] 100% of    1.32MiB in 00:00:00 at 2.71MiB/s
Deleting existing file C:\Users\bianc\NLP Natural Language Processing\labios-argentos\data_release\local_sources\argentina_new_discovery\h3HtBhArO1Q\h3HtBhArO1Q.es-orig.vtt
[info] Writing video subtitles to: C:\Users\bianc\NLP Natural Language Processing\labios-argentos\data_release\local_sources\argentina_new_discovery\h3HtBhArO1Q\h3HtBhArO1Q.es-orig.vtt
[download] Destination: C:\Users\bianc\NLP Natural Language Processing\labios-argentos\data_release\local_sources\argentina_new_discovery\h3HtBhArO1Q\h3HtBhArO1Q.es-orig.vtt

[download]    1.00KiB at  801.66KiB/s (00:00:00)
[download]    3.00KiB at    2.35MiB/s (00:00:00)
[download]    7.00KiB at    2.92MiB/s (00:00:00)
[download]   15.00KiB at    4.24MiB/s (00:00:00)
[download]   31.00KiB at    6.78MiB/s (00:00:00)
[download]   63.00KiB at    5.88MiB/s (00:00:00)
[download]  127.00KiB at    4.52MiB/s (00:00:00)
[download]  255.00KiB at    4.29MiB/s (00:00:00)
[download]  511.00KiB at    4.85MiB/s (00:00:00)
[download] 1023.00KiB at    4.67MiB/s (00:00:00)
[download]    1.32MiB at    4.67MiB/s (00:00:00)
[download] 100% of    1.32MiB in 00:00:00 at 3.04MiB/s
[info] Writing video metadata as JSON to: C:\Users\bianc\NLP Natural Language Processing\labios-argentos\data_release\local_sources\argentina_new_discovery\h3HtBhArO1Q\h3HtBhArO1Q.info.json
[SubtitlesConvertor] Converting subtitles
[SubtitlesConvertor] Subtitle file for vtt is already in the requested format
[SubtitlesConvertor] Subtitle file for vtt is already in the requested format
[download] Resuming download at byte 334512655

WARNING: [youtube] No supported JavaScript runtime could be found. Only deno is enabled by default; to use another runtime add  --js-runtimes RUNTIME[:PATH]  to your command/config. YouTube extraction without a JS runtime has been deprecated, and some formats may be missing. See  https://github.com/yt-dlp/yt-dlp/wiki/EJS  for details on installing one
WARNING: The extractor specified to use impersonation for this download, but no impersonate target is available. If you encounter errors, then see  https://github.com/yt-dlp/yt-dlp#impersonation  for information on installing the required dependencies
WARNING: The extractor specified to use impersonation for this download, but no impersonate target is available. If you encounter errors, then see  https://github.com/yt-dlp/yt-dlp#impersonation  for information on installing the required dependencies
WARNING: You have requested merging of multiple formats but ffmpeg is not installed. The formats won't be merged
ERROR: unable to download video data: HTTP Error 416: Requested range not satisfiable
